../Core/Src/main.c:33:5:main	16	static
../Core/Src/main.c:69:13:MX_FDCAN1_Init	8	static
../Core/Src/main.c:115:6:Test_Ack	8	static
../Core/Src/main.c:122:6:TX_Send_CAN	8	static
../Core/Src/main.c:144:6:HAL_GPIO_EXTI_Falling_Callback	16	static
../Core/Src/main.c:158:6:HAL_FDCAN_RxFifo0Callback	16	static
../Core/Src/main.c:179:6:Print_CAN_Error	16	static
../Core/Src/main.c:210:6:Check_CAN_ErrorCnt	16	static
../Core/Src/main.c:220:6:Check_CAN_Protocol_Status	8	static
../Core/Src/main.c:235:5:__io_putchar	16	static
../Core/Src/main.c:260:6:Error_Handler	4	static,ignoring_inline_asm
