10:34:16 **** Incremental Build of configuration Debug for project TimerNodeA ****
make -j16 all 
arm-none-eabi-gcc "../Core/Src/main.c" -mcpu=cortex-m33 -std=gnu11 -g3 -DDEBUG -DUSE_HAL_DRIVER -DSTM32H503xx -c -I../Core/Inc -I../Drivers/STM32H5xx_HAL_Driver/Inc -I../Drivers/STM32H5xx_HAL_Driver/Inc/Legacy -I../Drivers/CMSIS/Device/ST/STM32H5xx/Include -I../Drivers/CMSIS/Include -O0 -ffunction-sections -fdata-sections -Wall -fstack-usage -fcyclomatic-complexity -MMD -MP -MF"Core/Src/main.d" -MT"Core/Src/main.o" --specs=nano.specs -mfpu=fpv5-sp-d16 -mfloat-abi=hard -mthumb -o "Core/Src/main.o"
../Core/Src/main.c: In function 'main':
../Core/Src/main.c:151:45: warning: format '%lu' expects argument of type 'long unsigned int', but argument 2 has type 'int' [-Wformat=]
  151 |                      printf("Timer value: %lu ns\r\n", timer1_val * 10); // แปลงหน่วย
      |                                           ~~^          ~~~~~~~~~~~~~~~
      |                                             |                     |
      |                                             long unsigned int     int
      |                                           %u
arm-none-eabi-gcc -o "TimerNodeA.elf" @"objects.list"   -mcpu=cortex-m33 -T"C:\Users\Admin\Documents\INTERN\STM32\ProjectCAN\Bit_error\TimerNodeA\STM32H503RBTX_FLASH.ld" --specs=nosys.specs -Wl,-Map="TimerNodeA.map" -Wl,--gc-sections -static --specs=nano.specs -mfpu=fpv5-sp-d16 -mfloat-abi=hard -mthumb -Wl,--start-group -lc -lm -Wl,--end-group
Finished building target: TimerNodeA.elf
 
arm-none-eabi-size  TimerNodeA.elf 
arm-none-eabi-objdump -h -S TimerNodeA.elf  > "TimerNodeA.list"
   text	   data	    bss	    dec	    hex	filename
  33920	    104	   2408	  36432	   8e50	TimerNodeA.elf
Finished building: default.size.stdout
 
Finished building: TimerNodeA.list
 

10:34:17 Build Finished. 0 errors, 1 warnings. (took 828ms)

