../Core/Src/main.c:38:5:main	8	static
../Core/Src/main.c:74:13:MX_FDCAN1_Init	8	static
../Core/Src/main.c:122:6:SetFilter	40	static
../Core/Src/main.c:140:6:Test_Priority	4	static
../Core/Src/main.c:160:6:TX_Send_CAN	8	static
../Core/Src/main.c:180:6:HAL_GPIO_EXTI_Falling_Callback	16	static
../Core/Src/main.c:196:6:HAL_FDCAN_RxFifo0Callback	16	static
../Core/Src/main.c:216:6:Print_CAN_Error	16	static
../Core/Src/main.c:247:5:__io_putchar	16	static
../Core/Src/main.c:266:6:Error_Handler	4	static,ignoring_inline_asm
