../Core/Src/main.c:33:5:main	8	static
../Core/Src/main.c:64:13:MX_FDCAN1_Init	8	static
../Core/Src/main.c:126:6:SetFilter	48	static
../Core/Src/main.c:151:6:Test_Ack	8	static
../Core/Src/main.c:157:6:TX_Send_CAN	8	static
../Core/Src/main.c:179:6:HAL_GPIO_EXTI_Falling_Callback	16	static
../Core/Src/main.c:201:6:HAL_FDCAN_RxFifo0Callback	16	static
../Core/Src/main.c:223:6:Print_CAN_Error	16	static
../Core/Src/main.c:253:5:__io_putchar	16	static
../Core/Src/main.c:272:6:Error_Handler	4	static,ignoring_inline_asm
