Archive member included to satisfy reference by file (symbol)

C:/ST/STM32CubeIDE_1.17.0/STM32CubeIDE/plugins/com.st.stm32cube.ide.mcu.externaltools.gnu-tools-for-stm32.12.3.rel1.win32_1.1.0.202410251130/tools/bin/../lib/gcc/arm-none-eabi/12.3.1/../../../../arm-none-eabi/lib/thumb/v8-m.main+fp/hard\libc_nano.a(libc_a-exit.o)
                              C:/ST/STM32CubeIDE_1.17.0/STM32CubeIDE/plugins/com.st.stm32cube.ide.mcu.externaltools.gnu-tools-for-stm32.12.3.rel1.win32_1.1.0.202410251130/tools/bin/../lib/gcc/arm-none-eabi/12.3.1/../../../../arm-none-eabi/lib/thumb/v8-m.main+fp/hard/crt0.o (exit)
C:/ST/STM32CubeIDE_1.17.0/STM32CubeIDE/plugins/com.st.stm32cube.ide.mcu.externaltools.gnu-tools-for-stm32.12.3.rel1.win32_1.1.0.202410251130/tools/bin/../lib/gcc/arm-none-eabi/12.3.1/../../../../arm-none-eabi/lib/thumb/v8-m.main+fp/hard\libc_nano.a(libc_a-findfp.o)
                              C:/ST/STM32CubeIDE_1.17.0/STM32CubeIDE/plugins/com.st.stm32cube.ide.mcu.externaltools.gnu-tools-for-stm32.12.3.rel1.win32_1.1.0.202410251130/tools/bin/../lib/gcc/arm-none-eabi/12.3.1/../../../../arm-none-eabi/lib/thumb/v8-m.main+fp/hard\libc_nano.a(libc_a-exit.o) (__stdio_exit_handler)
C:/ST/STM32CubeIDE_1.17.0/STM32CubeIDE/plugins/com.st.stm32cube.ide.mcu.externaltools.gnu-tools-for-stm32.12.3.rel1.win32_1.1.0.202410251130/tools/bin/../lib/gcc/arm-none-eabi/12.3.1/../../../../arm-none-eabi/lib/thumb/v8-m.main+fp/hard\libc_nano.a(libc_a-fwalk.o)
                              C:/ST/STM32CubeIDE_1.17.0/STM32CubeIDE/plugins/com.st.stm32cube.ide.mcu.externaltools.gnu-tools-for-stm32.12.3.rel1.win32_1.1.0.202410251130/tools/bin/../lib/gcc/arm-none-eabi/12.3.1/../../../../arm-none-eabi/lib/thumb/v8-m.main+fp/hard\libc_nano.a(libc_a-findfp.o) (_fwalk_sglue)
C:/ST/STM32CubeIDE_1.17.0/STM32CubeIDE/plugins/com.st.stm32cube.ide.mcu.externaltools.gnu-tools-for-stm32.12.3.rel1.win32_1.1.0.202410251130/tools/bin/../lib/gcc/arm-none-eabi/12.3.1/../../../../arm-none-eabi/lib/thumb/v8-m.main+fp/hard\libc_nano.a(libc_a-printf.o)
                              ./Core/Src/main.o (printf)
C:/ST/STM32CubeIDE_1.17.0/STM32CubeIDE/plugins/com.st.stm32cube.ide.mcu.externaltools.gnu-tools-for-stm32.12.3.rel1.win32_1.1.0.202410251130/tools/bin/../lib/gcc/arm-none-eabi/12.3.1/../../../../arm-none-eabi/lib/thumb/v8-m.main+fp/hard\libc_nano.a(libc_a-puts.o)
                              ./Core/Src/main.o (puts)
C:/ST/STM32CubeIDE_1.17.0/STM32CubeIDE/plugins/com.st.stm32cube.ide.mcu.externaltools.gnu-tools-for-stm32.12.3.rel1.win32_1.1.0.202410251130/tools/bin/../lib/gcc/arm-none-eabi/12.3.1/../../../../arm-none-eabi/lib/thumb/v8-m.main+fp/hard\libc_nano.a(libc_a-stdio.o)
                              C:/ST/STM32CubeIDE_1.17.0/STM32CubeIDE/plugins/com.st.stm32cube.ide.mcu.externaltools.gnu-tools-for-stm32.12.3.rel1.win32_1.1.0.202410251130/tools/bin/../lib/gcc/arm-none-eabi/12.3.1/../../../../arm-none-eabi/lib/thumb/v8-m.main+fp/hard\libc_nano.a(libc_a-findfp.o) (__sread)
C:/ST/STM32CubeIDE_1.17.0/STM32CubeIDE/plugins/com.st.stm32cube.ide.mcu.externaltools.gnu-tools-for-stm32.12.3.rel1.win32_1.1.0.202410251130/tools/bin/../lib/gcc/arm-none-eabi/12.3.1/../../../../arm-none-eabi/lib/thumb/v8-m.main+fp/hard\libc_nano.a(libc_a-wbuf.o)
                              C:/ST/STM32CubeIDE_1.17.0/STM32CubeIDE/plugins/com.st.stm32cube.ide.mcu.externaltools.gnu-tools-for-stm32.12.3.rel1.win32_1.1.0.202410251130/tools/bin/../lib/gcc/arm-none-eabi/12.3.1/../../../../arm-none-eabi/lib/thumb/v8-m.main+fp/hard\libc_nano.a(libc_a-puts.o) (__swbuf_r)
C:/ST/STM32CubeIDE_1.17.0/STM32CubeIDE/plugins/com.st.stm32cube.ide.mcu.externaltools.gnu-tools-for-stm32.12.3.rel1.win32_1.1.0.202410251130/tools/bin/../lib/gcc/arm-none-eabi/12.3.1/../../../../arm-none-eabi/lib/thumb/v8-m.main+fp/hard\libc_nano.a(libc_a-wsetup.o)
                              C:/ST/STM32CubeIDE_1.17.0/STM32CubeIDE/plugins/com.st.stm32cube.ide.mcu.externaltools.gnu-tools-for-stm32.12.3.rel1.win32_1.1.0.202410251130/tools/bin/../lib/gcc/arm-none-eabi/12.3.1/../../../../arm-none-eabi/lib/thumb/v8-m.main+fp/hard\libc_nano.a(libc_a-puts.o) (__swsetup_r)
C:/ST/STM32CubeIDE_1.17.0/STM32CubeIDE/plugins/com.st.stm32cube.ide.mcu.externaltools.gnu-tools-for-stm32.12.3.rel1.win32_1.1.0.202410251130/tools/bin/../lib/gcc/arm-none-eabi/12.3.1/../../../../arm-none-eabi/lib/thumb/v8-m.main+fp/hard\libc_nano.a(libc_a-memset.o)
                              C:/ST/STM32CubeIDE_1.17.0/STM32CubeIDE/plugins/com.st.stm32cube.ide.mcu.externaltools.gnu-tools-for-stm32.12.3.rel1.win32_1.1.0.202410251130/tools/bin/../lib/gcc/arm-none-eabi/12.3.1/../../../../arm-none-eabi/lib/thumb/v8-m.main+fp/hard/crt0.o (memset)
C:/ST/STM32CubeIDE_1.17.0/STM32CubeIDE/plugins/com.st.stm32cube.ide.mcu.externaltools.gnu-tools-for-stm32.12.3.rel1.win32_1.1.0.202410251130/tools/bin/../lib/gcc/arm-none-eabi/12.3.1/../../../../arm-none-eabi/lib/thumb/v8-m.main+fp/hard\libc_nano.a(libc_a-closer.o)
[...]
Memory Configuration

Name             Origin             Length             Attributes
RAM              0x20000000         0x00008000         xrw
FLASH            0x08000000         0x00020000         xr
*default*        0x00000000         0xffffffff

Linker script and memory map

LOAD C:/ST/STM32CubeIDE_1.17.0/STM32CubeIDE/plugins/com.st.stm32cube.ide.mcu.externaltools.gnu-tools-for-stm32.12.3.rel1.win32_1.1.0.202410251130/tools/bin/../lib/gcc/arm-none-eabi/12.3.1/thumb/v8-m.main+fp/hard/crti.o
LOAD C:/ST/STM32CubeIDE_1.17.0/STM32CubeIDE/plugins/com.st.stm32cube.ide.mcu.externaltools.gnu-tools-for-stm32.12.3.rel1.win32_1.1.0.202410251130/tools/bin/../lib/gcc/arm-none-eabi/12.3.1/thumb/v8-m.main+fp/hard/crtbegin.o
LOAD C:/ST/STM32CubeIDE_1.17.0/STM32CubeIDE/plugins/com.st.stm32cube.ide.mcu.externaltools.gnu-tools-for-stm32.12.3.rel1.win32_1.1.0.202410251130/tools/bin/../lib/gcc/arm-none-eabi/12.3.1/../../../../arm-none-eabi/lib/thumb/v8-m.main+fp/hard/crt0.o
LOAD ./Core/Src/RCC_clock.o
LOAD ./Core/Src/gpio.o
LOAD ./Core/Src/main.o
LOAD ./Core/Src/stm32h5xx_hal_msp.o
LOAD ./Core/Src/stm32h5xx_it.o
LOAD ./Core/Src/syscalls.o
LOAD ./Core/Src/sysmem.o
LOAD ./Core/Src/system_stm32h5xx.o
LOAD ./Core/Src/uart.o
LOAD ./Core/Startup/startup_stm32h503rbtx.o
LOAD ./Drivers/STM32H5xx_HAL_Driver/Src/stm32h5xx_hal.o
LOAD ./Drivers/STM32H5xx_HAL_Driver/Src/stm32h5xx_hal_cortex.o
LOAD ./Drivers/STM32H5xx_HAL_Driver/Src/stm32h5xx_hal_dma.o
LOAD ./Drivers/STM32H5xx_HAL_Driver/Src/stm32h5xx_hal_dma_ex.o
LOAD ./Drivers/STM32H5xx_HAL_Driver/Src/stm32h5xx_hal_exti.o
LOAD ./Drivers/STM32H5xx_HAL_Driver/Src/stm32h5xx_hal_fdcan.o
LOAD ./Drivers/STM32H5xx_HAL_Driver/Src/stm32h5xx_hal_flash.o
LOAD ./Drivers/STM32H5xx_HAL_Driver/Src/stm32h5xx_hal_flash_ex.o
LOAD ./Drivers/STM32H5xx_HAL_Driver/Src/stm32h5xx_hal_gpio.o
LOAD ./Drivers/STM32H5xx_HAL_Driver/Src/stm32h5xx_hal_pwr.o
LOAD ./Drivers/STM32H5xx_HAL_Driver/Src/stm32h5xx_hal_pwr_ex.o
LOAD ./Drivers/STM32H5xx_HAL_Driver/Src/stm32h5xx_hal_rcc.o
LOAD ./Drivers/STM32H5xx_HAL_Driver/Src/stm32h5xx_hal_rcc_ex.o
LOAD ./Drivers/STM32H5xx_HAL_Driver/Src/stm32h5xx_hal_uart.o
LOAD ./Drivers/STM32H5xx_HAL_Driver/Src/stm32h5xx_hal_uart_ex.o
START GROUP
LOAD C:/ST/STM32CubeIDE_1.17.0/STM32CubeIDE/plugins/com.st.stm32cube.ide.mcu.externaltools.gnu-tools-for-stm32.12.3.rel1.win32_1.1.0.202410251130/tools/bin/../lib/gcc/arm-none-eabi/12.3.1/../../../../arm-none-eabi/lib/thumb/v8-m.main+fp/hard\libc_nano.a
LOAD C:/ST/STM32CubeIDE_1.17.0/STM32CubeIDE/plugins/com.st.stm32cube.ide.mcu.externaltools.gnu-tools-for-stm32.12.3.rel1.win32_1.1.0.202410251130/tools/bin/../lib/gcc/arm-none-eabi/12.3.1/../../../../arm-none-eabi/lib/thumb/v8-m.main+fp/hard\libm.a
END GROUP
START GROUP
LOAD C:/ST/STM32CubeIDE_1.17.0/STM32CubeIDE/plugins/com.st.stm32cube.ide.mcu.externaltools.gnu-tools-for-stm32.12.3.rel1.win32_1.1.0.202410251130/tools/bin/../lib/gcc/arm-none-eabi/12.3.1/thumb/v8-m.main+fp/hard\libgcc.a
LOAD C:/ST/STM32CubeIDE_1.17.0/STM32CubeIDE/plugins/com.st.stm32cube.ide.mcu.externaltools.gnu-tools-for-stm32.12.3.rel1.win32_1.1.0.202410251130/tools/bin/../lib/gcc/arm-none-eabi/12.3.1/../../../../arm-none-eabi/lib/thumb/v8-m.main+fp/hard\libc_nano.a
END GROUP
START GROUP
LOAD C:/ST/STM32CubeIDE_1.17.0/STM32CubeIDE/plugins/com.st.stm32cube.ide.mcu.externaltools.gnu-tools-for-stm32.12.3.rel1.win32_1.1.0.202410251130/tools/bin/../lib/gcc/arm-none-eabi/12.3.1/thumb/v8-m.main+fp/hard\libgcc.a
LOAD C:/ST/STM32CubeIDE_1.17.0/STM32CubeIDE/plugins/com.st.stm32cube.ide.mcu.externaltools.gnu-tools-for-stm32.12.3.rel1.win32_1.1.0.202410251130/tools/bin/../lib/gcc/arm-none-eabi/12.3.1/../../../../arm-none-eabi/lib/thumb/v8-m.main+fp/hard\libc_nano.a
LOAD C:/ST/STM32CubeIDE_1.17.0/STM32CubeIDE/plugins/com.st.stm32cube.ide.mcu.externaltools.gnu-tools-for-stm32.12.3.rel1.win32_1.1.0.202410251130/tools/bin/../lib/gcc/arm-none-eabi/12.3.1/../../../../arm-none-eabi/lib/thumb/v8-m.main+fp/hard\libnosys.a
END GROUP
START GROUP
LOAD C:/ST/STM32CubeIDE_1.17.0/STM32CubeIDE/plugins/com.st.stm32cube.ide.mcu.externaltools.gnu-tools-for-stm32.12.3.rel1.win32_1.1.0.202410251130/tools/bin/../lib/gcc/arm-none-eabi/12.3.1/thumb/v8-m.main+fp/hard\libgcc.a
LOAD C:/ST/STM32CubeIDE_1.17.0/STM32CubeIDE/plugins/com.st.stm32cube.ide.mcu.externaltools.gnu-tools-for-stm32.12.3.rel1.win32_1.1.0.202410251130/tools/bin/../lib/gcc/arm-none-eabi/12.3.1/../../../../arm-none-eabi/lib/thumb/v8-m.main+fp/hard\libc_nano.a
LOAD C:/ST/STM32CubeIDE_1.17.0/STM32CubeIDE/plugins/com.st.stm32cube.ide.mcu.externaltools.gnu-tools-for-stm32.12.3.rel1.win32_1.1.0.202410251130/tools/bin/../lib/gcc/arm-none-eabi/12.3.1/../../../../arm-none-eabi/lib/thumb/v8-m.main+fp/hard\libnosys.a
END GROUP
LOAD C:/ST/STM32CubeIDE_1.17.0/STM32CubeIDE/plugins/com.st.stm32cube.ide.mcu.externaltools.gnu-tools-for-stm32.12.3.rel1.win32_1.1.0.202410251130/tools/bin/../lib/gcc/arm-none-eabi/12.3.1/thumb/v8-m.main+fp/hard/crtend.o
LOAD C:/ST/STM32CubeIDE_1.17.0/STM32CubeIDE/plugins/com.st.stm32cube.ide.mcu.externaltools.gnu-tools-for-stm32.12.3.rel1.win32_1.1.0.202410251130/tools/bin/../lib/gcc/arm-none-eabi/12.3.1/thumb/v8-m.main+fp/hard/crtn.o
                0x20008000                        _estack = (ORIGIN (RAM) + LENGTH (RAM))
                0x00000200                        _Min_Heap_Size = 0x200
                0x00000400                        _Min_Stack_Size = 0x400

.isr_vector     0x08000000      0x258
                0x08000000                        . = ALIGN (0x4)
 *(.isr_vector)
 .isr_vector    0x08000000      0x258 ./Core/Startup/startup_stm32h503rbtx.o
                0x08000000                g_pfnVectors
                0x08000258                        . = ALIGN (0x4)

.text           0x08000258     0x7664
                0x08000258                        . = ALIGN (0x4)
 *(.text)
 .text          0x08000258       0x40 C:/ST/STM32CubeIDE_1.17.0/STM32CubeIDE/plugins/com.st.stm32cube.ide.mcu.externaltools.gnu-tools-for-stm32.12.3.rel1.win32_1.1.0.202410251130/tools/bin/../lib/gcc/arm-none-eabi/12.3.1/thumb/v8-m.main+fp/hard/crtbegin.o
 .text          0x08000298       0x30 C:/ST/STM32CubeIDE_1.17.0/STM32CubeIDE/plugins/com.st.stm32cube.ide.mcu.externaltools.gnu-tools-for-stm32.12.3.rel1.win32_1.1.0.202410251130/tools/bin/../lib/gcc/arm-none-eabi/12.3.1/thumb/v8-m.main+fp/hard\libgcc.a(_aeabi_uldivmod.o)
                0x08000298                __aeabi_uldivmod
 .text          0x080002c8      0x2e4 C:/ST/STM32CubeIDE_1.17.0/STM32CubeIDE/plugins/com.st.stm32cube.ide.mcu.externaltools.gnu-tools-for-stm32.12.3.rel1.win32_1.1.0.202410251130/tools/bin/../lib/gcc/arm-none-eabi/12.3.1/thumb/v8-m.main+fp/hard\libgcc.a(_udivmoddi4.o)
                0x080002c8                __udivmoddi4
 .text          0x080005ac        0x4 C:/ST/STM32CubeIDE_1.17.0/STM32CubeIDE/plugins/com.st.stm32cube.ide.mcu.externaltools.gnu-tools-for-stm32.12.3.rel1.win32_1.1.0.202410251130/tools/bin/../lib/gcc/arm-none-eabi/12.3.1/thumb/v8-m.main+fp/hard\libgcc.a(_dvmd_tls.o)
                0x080005ac                __aeabi_idiv0
                0x080005ac                __aeabi_ldiv0
 *(.text*)
 .text.SystemClock_Config
                0x080005b0       0xe4 ./Core/Src/RCC_clock.o
                0x080005b0                SystemClock_Config
 .text.MX_GPIO_Init
                0x08000694      0x148 ./Core/Src/gpio.o
                0x08000694                MX_GPIO_Init
 .text.main     0x080007dc       0x64 ./Core/Src/main.o
                0x080007dc                main
 .text.MX_FDCAN1_Init
                0x08000840       0xb0 ./Core/Src/main.o
 .text.Test_Ack
                0x080008f0       0x18 ./Core/Src/main.o
                0x080008f0                Test_Ack
 .text.TX_Send_CAN
                0x08000908       0x68 ./Core/Src/main.o
                0x08000908                TX_Send_CAN
 .text.HAL_GPIO_EXTI_Falling_Callback
                0x08000970       0x50 ./Core/Src/main.o
                0x08000970                HAL_GPIO_EXTI_Falling_Callback
 .text.HAL_FDCAN_RxFifo0Callback
                0x080009c0       0x68 ./Core/Src/main.o
                0x080009c0                HAL_FDCAN_RxFifo0Callback
 .text.Print_CAN_Error
                0x08000a28       0xa8 ./Core/Src/main.o
                0x08000a28                Print_CAN_Error
 .text.Check_CAN_ErrorCnt
                0x08000ad0       0x44 ./Core/Src/main.o
                0x08000ad0                Check_CAN_ErrorCnt
 .text.Check_CAN_Protocol_Status
                0x08000b14       0x48 ./Core/Src/main.o
                0x08000b14                Check_CAN_Protocol_Status
 .text.__io_putchar
                0x08000b5c       0x24 ./Core/Src/main.o
                0x08000b5c                __io_putchar
 .text.Error_Handler
                0x08000b80        0xc ./Core/Src/main.o
                0x08000b80                Error_Handler
 .text.HAL_MspInit
                0x08000b8c        0xe ./Core/Src/stm32h5xx_hal_msp.o
                0x08000b8c                HAL_MspInit
 *fill*         0x08000b9a        0x2 
 .text.HAL_FDCAN_MspInit
                0x08000b9c       0xe0 ./Core/Src/stm32h5xx_hal_msp.o
                0x08000b9c                HAL_FDCAN_MspInit
 .text.HAL_UART_MspInit
                0x08000c7c       0xe0 ./Core/Src/stm32h5xx_hal_msp.o
                0x08000c7c                HAL_UART_MspInit
 .text.NMI_Handler
                0x08000d5c        0x8 ./Core/Src/stm32h5xx_it.o
                0x08000d5c                NMI_Handler
 .text.HardFault_Handler
                0x08000d64        0x8 ./Core/Src/stm32h5xx_it.o
                0x08000d64                HardFault_Handler
 .text.MemManage_Handler
                0x08000d6c        0x8 ./Core/Src/stm32h5xx_it.o
                0x08000d6c                MemManage_Handler
 .text.BusFault_Handler
                0x08000d74        0x8 ./Core/Src/stm32h5xx_it.o
                0x08000d74                BusFault_Handler
 .text.UsageFault_Handler
                0x08000d7c        0x8 ./Core/Src/stm32h5xx_it.o
                0x08000d7c                UsageFault_Handler
 .text.SVC_Handler
                0x08000d84        0xe ./Core/Src/stm32h5xx_it.o
                0x08000d84                SVC_Handler
 .text.DebugMon_Handler
                0x08000d92        0xe ./Core/Src/stm32h5xx_it.o
                0x08000d92                DebugMon_Handler
 .text.PendSV_Handler
                0x08000da0        0xe ./Core/Src/stm32h5xx_it.o
                0x08000da0                PendSV_Handler
 .text.SysTick_Handler
                0x08000dae        0xc ./Core/Src/stm32h5xx_it.o
                0x08000dae                SysTick_Handler
 .text.EXTI5_IRQHandler
                0x08000dba        0xe ./Core/Src/stm32h5xx_it.o
                0x08000dba                EXTI5_IRQHandler
 .text.EXTI13_IRQHandler
                0x08000dc8       0x10 ./Core/Src/stm32h5xx_it.o
                0x08000dc8                EXTI13_IRQHandler
 .text.FDCAN1_IT0_IRQHandler
                0x08000dd8       0x14 ./Core/Src/stm32h5xx_it.o
                0x08000dd8                FDCAN1_IT0_IRQHandler
 .text.USART3_IRQHandler
                0x08000dec       0x14 ./Core/Src/stm32h5xx_it.o
                0x08000dec                USART3_IRQHandler
 .text._read    0x08000e00       0x3a ./Core/Src/syscalls.o
                0x08000e00                _read
 .text._write   0x08000e3a       0x38 ./Core/Src/syscalls.o
                0x08000e3a                _write
 .text._close   0x08000e72       0x18 ./Core/Src/syscalls.o
                0x08000e72                _close
 .text._fstat   0x08000e8a       0x20 ./Core/Src/syscalls.o
                0x08000e8a                _fstat
 .text._isatty  0x08000eaa       0x16 ./Core/Src/syscalls.o
                0x08000eaa                _isatty
 .text._lseek   0x08000ec0       0x1a ./Core/Src/syscalls.o
                0x08000ec0                _lseek
 *fill*         0x08000eda        0x2 
 .text._sbrk    0x08000edc       0x6c ./Core/Src/sysmem.o
                0x08000edc                _sbrk
 .text.SystemInit
                0x08000f48       0xe4 ./Core/Src/system_stm32h5xx.o
                0x08000f48                SystemInit
 .text.MX_USART3_UART_Init
                0x0800102c       0x98 ./Core/Src/uart.o
                0x0800102c                MX_USART3_UART_Init
 .text.Reset_Handler
                0x080010c4       0x50 ./Core/Startup/startup_stm32h503rbtx.o
                0x080010c4                Reset_Handler
 .text.Default_Handler
                0x08001114        0x2 ./Core/Startup/startup_stm32h503rbtx.o
                0x08001114                EXTI2_IRQHandler
                0x08001114                I3C1_ER_IRQHandler
                0x08001114                GPDMA2_Channel1_IRQHandler
                0x08001114                TIM1_CC_IRQHandler
                0x08001114                GPDMA2_Channel3_IRQHandler
                0x08001114                TAMP_IRQHandler
                0x08001114                TIM6_IRQHandler
                0x08001114                EXTI12_IRQHandler
                0x08001114                USB_DRD_FS_IRQHandler
                0x08001114                EXTI3_IRQHandler
                0x08001114                GPDMA1_Channel5_IRQHandler
                0x08001114                EXTI8_IRQHandler
                0x08001114                GPDMA2_Channel5_IRQHandler
                0x08001114                LPTIM2_IRQHandler
                0x08001114                GPDMA2_Channel2_IRQHandler
                0x08001114                EXTI0_IRQHandler
                0x08001114                I2C2_EV_IRQHandler
                0x08001114                FPU_IRQHandler
                0x08001114                GPDMA1_Channel3_IRQHandler
                0x08001114                GPDMA1_Channel7_IRQHandler
                0x08001114                FDCAN1_IT1_IRQHandler
                0x08001114                RAMCFG_IRQHandler
                0x08001114                SPI1_IRQHandler
                0x08001114                GPDMA1_Channel2_IRQHandler
                0x08001114                ADC1_IRQHandler
                0x08001114                I3C2_ER_IRQHandler
                0x08001114                EXTI15_IRQHandler
                0x08001114                RTC_IRQHandler
                0x08001114                EXTI9_IRQHandler
                0x08001114                I3C2_EV_IRQHandler
                0x08001114                I2C1_EV_IRQHandler
                0x08001114                GPDMA1_Channel1_IRQHandler
                0x08001114                TIM3_IRQHandler
                0x08001114                RCC_IRQHandler
                0x08001114                TIM1_TRG_COM_IRQHandler
                0x08001114                Default_Handler
                0x08001114                GPDMA2_Channel4_IRQHandler
                0x08001114                TIM7_IRQHandler
                0x08001114                GPDMA1_Channel0_IRQHandler
                0x08001114                I3C1_EV_IRQHandler
                0x08001114                PVD_AVD_IRQHandler
                0x08001114                SPI2_IRQHandler
                0x08001114                EXTI14_IRQHandler
                0x08001114                EXTI11_IRQHandler
                0x08001114                CRS_IRQHandler
                0x08001114                EXTI4_IRQHandler
                0x08001114                GPDMA2_Channel0_IRQHandler
                0x08001114                RNG_IRQHandler
                0x08001114                GPDMA2_Channel6_IRQHandler
                0x08001114                TIM1_UP_IRQHandler
                0x08001114                WWDG_IRQHandler
                0x08001114                IWDG_IRQHandler
                0x08001114                LPUART1_IRQHandler
                0x08001114                TIM2_IRQHandler
                0x08001114                GPDMA1_Channel4_IRQHandler
                0x08001114                EXTI7_IRQHandler
                0x08001114                TIM1_BRK_IRQHandler
                0x08001114                EXTI1_IRQHandler
                0x08001114                DAC1_IRQHandler
                0x08001114                DTS_IRQHandler
                0x08001114                GTZC_IRQHandler
                0x08001114                USART2_IRQHandler
                0x08001114                GPDMA1_Channel6_IRQHandler
                0x08001114                GPDMA2_Channel7_IRQHandler
                0x08001114                I2C2_ER_IRQHandler
                0x08001114                FLASH_IRQHandler
                0x08001114                USART1_IRQHandler
                0x08001114                EXTI10_IRQHandler
                0x08001114                SPI3_IRQHandler
                0x08001114                I2C1_ER_IRQHandler
                0x08001114                EXTI6_IRQHandler
                0x08001114                COMP1_IRQHandler
                0x08001114                LPTIM1_IRQHandler
                0x08001114                ICACHE_IRQHandler
                0x08001114                HASH_IRQHandler
 *fill*         0x08001116        0x2 
 .text.HAL_Init
                0x08001118       0x50 ./Drivers/STM32H5xx_HAL_Driver/Src/stm32h5xx_hal.o
                0x08001118                HAL_Init
 .text.HAL_InitTick
                0x08001168       0xec ./Drivers/STM32H5xx_HAL_Driver/Src/stm32h5xx_hal.o
                0x08001168                HAL_InitTick
 .text.HAL_IncTick
                0x08001254       0x28 ./Drivers/STM32H5xx_HAL_Driver/Src/stm32h5xx_hal.o
                0x08001254                HAL_IncTick
 .text.HAL_GetTick
                0x0800127c       0x18 ./Drivers/STM32H5xx_HAL_Driver/Src/stm32h5xx_hal.o
                0x0800127c                HAL_GetTick
 .text.HAL_Delay
                0x08001294       0x48 ./Drivers/STM32H5xx_HAL_Driver/Src/stm32h5xx_hal.o
                0x08001294                HAL_Delay
 .text.__NVIC_SetPriorityGrouping
                0x080012dc       0x48 ./Drivers/STM32H5xx_HAL_Driver/Src/stm32h5xx_hal_cortex.o
 .text.__NVIC_GetPriorityGrouping
                0x08001324       0x1c ./Drivers/STM32H5xx_HAL_Driver/Src/stm32h5xx_hal_cortex.o
 .text.__NVIC_EnableIRQ
                0x08001340       0x3c ./Drivers/STM32H5xx_HAL_Driver/Src/stm32h5xx_hal_cortex.o
 .text.__NVIC_SetPriority
                0x0800137c       0x54 ./Drivers/STM32H5xx_HAL_Driver/Src/stm32h5xx_hal_cortex.o
 .text.NVIC_EncodePriority
                0x080013d0       0x66 ./Drivers/STM32H5xx_HAL_Driver/Src/stm32h5xx_hal_cortex.o
 .text.HAL_NVIC_SetPriorityGrouping
                0x08001436       0x16 ./Drivers/STM32H5xx_HAL_Driver/Src/stm32h5xx_hal_cortex.o
                0x08001436                HAL_NVIC_SetPriorityGrouping
 .text.HAL_NVIC_SetPriority
                0x0800144c       0x34 ./Drivers/STM32H5xx_HAL_Driver/Src/stm32h5xx_hal_cortex.o
                0x0800144c                HAL_NVIC_SetPriority
 .text.HAL_NVIC_EnableIRQ
                0x08001480       0x1c ./Drivers/STM32H5xx_HAL_Driver/Src/stm32h5xx_hal_cortex.o
                0x08001480                HAL_NVIC_EnableIRQ
 .text.HAL_SYSTICK_Config
                0x0800149c       0x44 ./Drivers/STM32H5xx_HAL_Driver/Src/stm32h5xx_hal_cortex.o
                0x0800149c                HAL_SYSTICK_Config
 .text.HAL_SYSTICK_CLKSourceConfig
                0x080014e0       0xb0 ./Drivers/STM32H5xx_HAL_Driver/Src/stm32h5xx_hal_cortex.o
                0x080014e0                HAL_SYSTICK_CLKSourceConfig
 .text.HAL_SYSTICK_GetCLKSourceConfig
                0x08001590       0x6c ./Drivers/STM32H5xx_HAL_Driver/Src/stm32h5xx_hal_cortex.o
                0x08001590                HAL_SYSTICK_GetCLKSourceConfig
 .text.HAL_DMA_Abort
                0x080015fc       0xf8 ./Drivers/STM32H5xx_HAL_Driver/Src/stm32h5xx_hal_dma.o
                0x080015fc                HAL_DMA_Abort
 .text.HAL_DMA_Abort_IT
                0x080016f4       0x52 ./Drivers/STM32H5xx_HAL_Driver/Src/stm32h5xx_hal_dma.o
                0x080016f4                HAL_DMA_Abort_IT
 *fill*         0x08001746        0x2 
 .text.HAL_FDCAN_Init
                0x08001748      0x2b4 ./Drivers/STM32H5xx_HAL_Driver/Src/stm32h5xx_hal_fdcan.o
                0x08001748                HAL_FDCAN_Init
 .text.HAL_FDCAN_Start
                0x080019fc       0x50 ./Drivers/STM32H5xx_HAL_Driver/Src/stm32h5xx_hal_fdcan.o
                0x080019fc                HAL_FDCAN_Start
 .text.HAL_FDCAN_AddMessageToTxFifoQ
                0x08001a4c       0x88 ./Drivers/STM32H5xx_HAL_Driver/Src/stm32h5xx_hal_fdcan.o
                0x08001a4c                HAL_FDCAN_AddMessageToTxFifoQ
 .text.HAL_FDCAN_GetRxMessage
                0x08001ad4      0x210 ./Drivers/STM32H5xx_HAL_Driver/Src/stm32h5xx_hal_fdcan.o
                0x08001ad4                HAL_FDCAN_GetRxMessage
 .text.HAL_FDCAN_ActivateNotification
                0x08001ce4      0x1cc ./Drivers/STM32H5xx_HAL_Driver/Src/stm32h5xx_hal_fdcan.o
                0x08001ce4                HAL_FDCAN_ActivateNotification
 .text.HAL_FDCAN_IRQHandler
                0x08001eb0      0x24a ./Drivers/STM32H5xx_HAL_Driver/Src/stm32h5xx_hal_fdcan.o
                0x08001eb0                HAL_FDCAN_IRQHandler
 .text.HAL_FDCAN_TxEventFifoCallback
                0x080020fa       0x16 ./Drivers/STM32H5xx_HAL_Driver/Src/stm32h5xx_hal_fdcan.o
                0x080020fa                HAL_FDCAN_TxEventFifoCallback
 .text.HAL_FDCAN_RxFifo1Callback
                0x08002110       0x16 ./Drivers/STM32H5xx_HAL_Driver/Src/stm32h5xx_hal_fdcan.o
                0x08002110                HAL_FDCAN_RxFifo1Callback
 .text.HAL_FDCAN_TxFifoEmptyCallback
                0x08002126       0x14 ./Drivers/STM32H5xx_HAL_Driver/Src/stm32h5xx_hal_fdcan.o
                0x08002126                HAL_FDCAN_TxFifoEmptyCallback
 .text.HAL_FDCAN_TxBufferCompleteCallback
                0x0800213a       0x16 ./Drivers/STM32H5xx_HAL_Driver/Src/stm32h5xx_hal_fdcan.o
                0x0800213a                HAL_FDCAN_TxBufferCompleteCallback
 .text.HAL_FDCAN_TxBufferAbortCallback
                0x08002150       0x16 ./Drivers/STM32H5xx_HAL_Driver/Src/stm32h5xx_hal_fdcan.o
                0x08002150                HAL_FDCAN_TxBufferAbortCallback
 .text.HAL_FDCAN_TimestampWraparoundCallback
                0x08002166       0x14 ./Drivers/STM32H5xx_HAL_Driver/Src/stm32h5xx_hal_fdcan.o
                0x08002166                HAL_FDCAN_TimestampWraparoundCallback
 .text.HAL_FDCAN_TimeoutOccurredCallback
                0x0800217a       0x14 ./Drivers/STM32H5xx_HAL_Driver/Src/stm32h5xx_hal_fdcan.o
                0x0800217a                HAL_FDCAN_TimeoutOccurredCallback
 .text.HAL_FDCAN_HighPriorityMessageCallback
                0x0800218e       0x14 ./Drivers/STM32H5xx_HAL_Driver/Src/stm32h5xx_hal_fdcan.o
                0x0800218e                HAL_FDCAN_HighPriorityMessageCallback
 .text.HAL_FDCAN_ErrorCallback
                0x080021a2       0x14 ./Drivers/STM32H5xx_HAL_Driver/Src/stm32h5xx_hal_fdcan.o
                0x080021a2                HAL_FDCAN_ErrorCallback
 .text.HAL_FDCAN_ErrorStatusCallback
                0x080021b6       0x16 ./Drivers/STM32H5xx_HAL_Driver/Src/stm32h5xx_hal_fdcan.o
                0x080021b6                HAL_FDCAN_ErrorStatusCallback
 .text.FDCAN_CalcultateRamBlockAddresses
                0x080021cc       0xac ./Drivers/STM32H5xx_HAL_Driver/Src/stm32h5xx_hal_fdcan.o
 .text.FDCAN_CopyMessageToRAM
                0x08002278       0xf8 ./Drivers/STM32H5xx_HAL_Driver/Src/stm32h5xx_hal_fdcan.o
 .text.HAL_GPIO_Init
                0x08002370      0x2a4 ./Drivers/STM32H5xx_HAL_Driver/Src/stm32h5xx_hal_gpio.o
                0x08002370                HAL_GPIO_Init
 .text.HAL_GPIO_WritePin
                0x08002614       0x30 ./Drivers/STM32H5xx_HAL_Driver/Src/stm32h5xx_hal_gpio.o
                0x08002614                HAL_GPIO_WritePin
 .text.HAL_GPIO_TogglePin
                0x08002644       0x34 ./Drivers/STM32H5xx_HAL_Driver/Src/stm32h5xx_hal_gpio.o
                0x08002644                HAL_GPIO_TogglePin
 .text.HAL_GPIO_EXTI_IRQHandler
                0x08002678       0x4c ./Drivers/STM32H5xx_HAL_Driver/Src/stm32h5xx_hal_gpio.o
                0x08002678                HAL_GPIO_EXTI_IRQHandler
 .text.HAL_GPIO_EXTI_Rising_Callback
                0x080026c4       0x16 ./Drivers/STM32H5xx_HAL_Driver/Src/stm32h5xx_hal_gpio.o
                0x080026c4                HAL_GPIO_EXTI_Rising_Callback
 *fill*         0x080026da        0x2 
 .text.HAL_RCC_OscConfig
                0x080026dc      0x870 ./Drivers/STM32H5xx_HAL_Driver/Src/stm32h5xx_hal_rcc.o
                0x080026dc                HAL_RCC_OscConfig
 .text.HAL_RCC_ClockConfig
                0x08002f4c      0x370 ./Drivers/STM32H5xx_HAL_Driver/Src/stm32h5xx_hal_rcc.o
                0x08002f4c                HAL_RCC_ClockConfig
 .text.HAL_RCC_GetSysClockFreq
                0x080032bc      0x258 ./Drivers/STM32H5xx_HAL_Driver/Src/stm32h5xx_hal_rcc.o
                0x080032bc                HAL_RCC_GetSysClockFreq
 .text.HAL_RCC_GetHCLKFreq
                0x08003514       0x38 ./Drivers/STM32H5xx_HAL_Driver/Src/stm32h5xx_hal_rcc.o
                0x08003514                HAL_RCC_GetHCLKFreq
 .text.HAL_RCC_GetPCLK1Freq
                0x0800354c       0x2c ./Drivers/STM32H5xx_HAL_Driver/Src/stm32h5xx_hal_rcc.o
                0x0800354c                HAL_RCC_GetPCLK1Freq
 .text.HAL_RCC_GetPCLK2Freq
                0x08003578       0x2c ./Drivers/STM32H5xx_HAL_Driver/Src/stm32h5xx_hal_rcc.o
                0x08003578                HAL_RCC_GetPCLK2Freq
 .text.HAL_RCC_GetPCLK3Freq
                0x080035a4       0x2c ./Drivers/STM32H5xx_HAL_Driver/Src/stm32h5xx_hal_rcc.o
                0x080035a4                HAL_RCC_GetPCLK3Freq
 .text.HAL_RCCEx_PeriphCLKConfig
                0x080035d0      0xc48 ./Drivers/STM32H5xx_HAL_Driver/Src/stm32h5xx_hal_rcc_ex.o
                0x080035d0                HAL_RCCEx_PeriphCLKConfig
 .text.HAL_RCCEx_GetPLL1ClockFreq
                0x08004218      0x2d8 ./Drivers/STM32H5xx_HAL_Driver/Src/stm32h5xx_hal_rcc_ex.o
                0x08004218                HAL_RCCEx_GetPLL1ClockFreq
 .text.HAL_RCCEx_GetPLL2ClockFreq
                0x080044f0      0x2d8 ./Drivers/STM32H5xx_HAL_Driver/Src/stm32h5xx_hal_rcc_ex.o
                0x080044f0                HAL_RCCEx_GetPLL2ClockFreq
 .text.HAL_RCCEx_GetPeriphCLKFreq
                0x080047c8      0xe7c ./Drivers/STM32H5xx_HAL_Driver/Src/stm32h5xx_hal_rcc_ex.o
                0x080047c8                HAL_RCCEx_GetPeriphCLKFreq
 .text.RCCEx_PLL2_Config
                0x08005644      0x130 ./Drivers/STM32H5xx_HAL_Driver/Src/stm32h5xx_hal_rcc_ex.o
 .text.HAL_UART_Init
                0x08005774       0xa0 ./Drivers/STM32H5xx_HAL_Driver/Src/stm32h5xx_hal_uart.o
                0x08005774                HAL_UART_Init
 .text.HAL_UART_Transmit
                0x08005814      0x13c ./Drivers/STM32H5xx_HAL_Driver/Src/stm32h5xx_hal_uart.o
                0x08005814                HAL_UART_Transmit
 .text.HAL_UART_IRQHandler
                0x08005950      0x5dc ./Drivers/STM32H5xx_HAL_Driver/Src/stm32h5xx_hal_uart.o
                0x08005950                HAL_UART_IRQHandler
 .text.HAL_UART_TxCpltCallback
                0x08005f2c       0x14 ./Drivers/STM32H5xx_HAL_Driver/Src/stm32h5xx_hal_uart.o
                0x08005f2c                HAL_UART_TxCpltCallback
 .text.HAL_UART_ErrorCallback
                0x08005f40       0x14 ./Drivers/STM32H5xx_HAL_Driver/Src/stm32h5xx_hal_uart.o
                0x08005f40                HAL_UART_ErrorCallback
 .text.HAL_UARTEx_RxEventCallback
                0x08005f54       0x18 ./Drivers/STM32H5xx_HAL_Driver/Src/stm32h5xx_hal_uart.o
                0x08005f54                HAL_UARTEx_RxEventCallback
 .text.UART_SetConfig
                0x08005f6c      0x2fc ./Drivers/STM32H5xx_HAL_Driver/Src/stm32h5xx_hal_uart.o
                0x08005f6c                UART_SetConfig
 .text.UART_AdvFeatureConfig
                0x08006268      0x144 ./Drivers/STM32H5xx_HAL_Driver/Src/stm32h5xx_hal_uart.o
                0x08006268                UART_AdvFeatureConfig
 .text.UART_CheckIdleState
                0x080063ac      0x154 ./Drivers/STM32H5xx_HAL_Driver/Src/stm32h5xx_hal_uart.o
                0x080063ac                UART_CheckIdleState
 .text.UART_WaitOnFlagUntilTimeout
                0x08006500       0xda ./Drivers/STM32H5xx_HAL_Driver/Src/stm32h5xx_hal_uart.o
                0x08006500                UART_WaitOnFlagUntilTimeout
 .text.UART_EndRxTransfer
                0x080065da       0xcc ./Drivers/STM32H5xx_HAL_Driver/Src/stm32h5xx_hal_uart.o
 .text.UART_DMAAbortOnError
                0x080066a6       0x24 ./Drivers/STM32H5xx_HAL_Driver/Src/stm32h5xx_hal_uart.o
 .text.UART_EndTransmit_IT
                0x080066ca       0x56 ./Drivers/STM32H5xx_HAL_Driver/Src/stm32h5xx_hal_uart.o
 .text.HAL_UARTEx_WakeupCallback
                0x08006720       0x14 ./Drivers/STM32H5xx_HAL_Driver/Src/stm32h5xx_hal_uart_ex.o
                0x08006720                HAL_UARTEx_WakeupCallback
 .text.HAL_UARTEx_RxFifoFullCallback
                0x08006734       0x14 ./Drivers/STM32H5xx_HAL_Driver/Src/stm32h5xx_hal_uart_ex.o
                0x08006734                HAL_UARTEx_RxFifoFullCallback
 .text.HAL_UARTEx_TxFifoEmptyCallback
                0x08006748       0x14 ./Drivers/STM32H5xx_HAL_Driver/Src/stm32h5xx_hal_uart_ex.o
                0x08006748                HAL_UARTEx_TxFifoEmptyCallback
 .text.HAL_UARTEx_DisableFifoMode
                0x0800675c       0x72 ./Drivers/STM32H5xx_HAL_Driver/Src/stm32h5xx_hal_uart_ex.o
                0x0800675c                HAL_UARTEx_DisableFifoMode
 .text.HAL_UARTEx_SetTxFifoThreshold
                0x080067ce       0x7c ./Drivers/STM32H5xx_HAL_Driver/Src/stm32h5xx_hal_uart_ex.o
                0x080067ce                HAL_UARTEx_SetTxFifoThreshold
 .text.HAL_UARTEx_SetRxFifoThreshold
                0x0800684a       0x7c ./Drivers/STM32H5xx_HAL_Driver/Src/stm32h5xx_hal_uart_ex.o
                0x0800684a                HAL_UARTEx_SetRxFifoThreshold
 *fill*         0x080068c6        0x2 
 .text.UARTEx_SetNbDataToProcess
                0x080068c8       0x9c ./Drivers/STM32H5xx_HAL_Driver/Src/stm32h5xx_hal_uart_ex.o
 .text.std      0x08006964       0x6c C:/ST/STM32CubeIDE_1.17.0/STM32CubeIDE/plugins/com.st.stm32cube.ide.mcu.externaltools.gnu-tools-for-stm32.12.3.rel1.win32_1.1.0.202410251130/tools/bin/../lib/gcc/arm-none-eabi/12.3.1/../../../../arm-none-eabi/lib/thumb/v8-m.main+fp/hard\libc_nano.a(libc_a-findfp.o)
 .text.stdio_exit_handler
                0x080069d0       0x18 C:/ST/STM32CubeIDE_1.17.0/STM32CubeIDE/plugins/com.st.stm32cube.ide.mcu.externaltools.gnu-tools-for-stm32.12.3.rel1.win32_1.1.0.202410251130/tools/bin/../lib/gcc/arm-none-eabi/12.3.1/../../../../arm-none-eabi/lib/thumb/v8-m.main+fp/hard\libc_nano.a(libc_a-findfp.o)
 .text.cleanup_stdio
                0x080069e8       0x40 C:/ST/STM32CubeIDE_1.17.0/STM32CubeIDE/plugins/com.st.stm32cube.ide.mcu.externaltools.gnu-tools-for-stm32.12.3.rel1.win32_1.1.0.202410251130/tools/bin/../lib/gcc/arm-none-eabi/12.3.1/../../../../arm-none-eabi/lib/thumb/v8-m.main+fp/hard\libc_nano.a(libc_a-findfp.o)
 .text.global_stdio_init.part.0
                0x08006a28       0x3c C:/ST/STM32CubeIDE_1.17.0/STM32CubeIDE/plugins/com.st.stm32cube.ide.mcu.externaltools.gnu-tools-for-stm32.12.3.rel1.win32_1.1.0.202410251130/tools/bin/../lib/gcc/arm-none-eabi/12.3.1/../../../../arm-none-eabi/lib/thumb/v8-m.main+fp/hard\libc_nano.a(libc_a-findfp.o)
 .text.__sfp_lock_acquire
                0x08006a64        0xc C:/ST/STM32CubeIDE_1.17.0/STM32CubeIDE/plugins/com.st.stm32cube.ide.mcu.externaltools.gnu-tools-for-stm32.12.3.rel1.win32_1.1.0.202410251130/tools/bin/../lib/gcc/arm-none-eabi/12.3.1/../../../../arm-none-eabi/lib/thumb/v8-m.main+fp/hard\libc_nano.a(libc_a-findfp.o)
                0x08006a64                __sfp_lock_acquire
 .text.__sfp_lock_release
                0x08006a70        0xc C:/ST/STM32CubeIDE_1.17.0/STM32CubeIDE/plugins/com.st.stm32cube.ide.mcu.externaltools.gnu-tools-for-stm32.12.3.rel1.win32_1.1.0.202410251130/tools/bin/../lib/gcc/arm-none-eabi/12.3.1/../../../../arm-none-eabi/lib/thumb/v8-m.main+fp/hard\libc_nano.a(libc_a-findfp.o)
                0x08006a70                __sfp_lock_release
 .text.__sinit  0x08006a7c       0x30 C:/ST/STM32CubeIDE_1.17.0/STM32CubeIDE/plugins/com.st.stm32cube.ide.mcu.externaltools.gnu-tools-for-stm32.12.3.rel1.win32_1.1.0.202410251130/tools/bin/../lib/gcc/arm-none-eabi/12.3.1/../../../../arm-none-eabi/lib/thumb/v8-m.main+fp/hard\libc_nano.a(libc_a-findfp.o)
                0x08006a7c                __sinit
 .text._fwalk_sglue
                0x08006aac       0x3c C:/ST/STM32CubeIDE_1.17.0/STM32CubeIDE/plugins/com.st.stm32cube.ide.mcu.externaltools.gnu-tools-for-stm32.12.3.rel1.win32_1.1.0.202410251130/tools/bin/../lib/gcc/arm-none-eabi/12.3.1/../../../../arm-none-eabi/lib/thumb/v8-m.main+fp/hard\libc_nano.a(libc_a-fwalk.o)
                0x08006aac                _fwalk_sglue
 .text.printf   0x08006ae8       0x24 C:/ST/STM32CubeIDE_1.17.0/STM32CubeIDE/plugins/com.st.stm32cube.ide.mcu.externaltools.gnu-tools-for-stm32.12.3.rel1.win32_1.1.0.202410251130/tools/bin/../lib/gcc/arm-none-eabi/12.3.1/../../../../arm-none-eabi/lib/thumb/v8-m.main+fp/hard\libc_nano.a(libc_a-printf.o)
                0x08006ae8                iprintf
                0x08006ae8                printf
 .text._puts_r  0x08006b0c       0xaa C:/ST/STM32CubeIDE_1.17.0/STM32CubeIDE/plugins/com.st.stm32cube.ide.mcu.externaltools.gnu-tools-for-stm32.12.3.rel1.win32_1.1.0.202410251130/tools/bin/../lib/gcc/arm-none-eabi/12.3.1/../../../../arm-none-eabi/lib/thumb/v8-m.main+fp/hard\libc_nano.a(libc_a-puts.o)
                0x08006b0c                _puts_r
 *fill*         0x08006bb6        0x2 
 .text.puts     0x08006bb8       0x10 C:/ST/STM32CubeIDE_1.17.0/STM32CubeIDE/plugins/com.st.stm32cube.ide.mcu.externaltools.gnu-tools-for-stm32.12.3.rel1.win32_1.1.0.202410251130/tools/bin/../lib/gcc/arm-none-eabi/12.3.1/../../../../arm-none-eabi/lib/thumb/v8-m.main+fp/hard\libc_nano.a(libc_a-puts.o)
                0x08006bb8                puts
 .text.__sread  0x08006bc8       0x22 C:/ST/STM32CubeIDE_1.17.0/STM32CubeIDE/plugins/com.st.stm32cube.ide.mcu.externaltools.gnu-tools-for-stm32.12.3.rel1.win32_1.1.0.202410251130/tools/bin/../lib/gcc/arm-none-eabi/12.3.1/../../../../arm-none-eabi/lib/thumb/v8-m.main+fp/hard\libc_nano.a(libc_a-stdio.o)
                0x08006bc8                __sread
 .text.__swrite
                0x08006bea       0x38 C:/ST/STM32CubeIDE_1.17.0/STM32CubeIDE/plugins/com.st.stm32cube.ide.mcu.externaltools.gnu-tools-for-stm32.12.3.rel1.win32_1.1.0.202410251130/tools/bin/../lib/gcc/arm-none-eabi/12.3.1/../../../../arm-none-eabi/lib/thumb/v8-m.main+fp/hard\libc_nano.a(libc_a-stdio.o)
                0x08006bea                __swrite
 .text.__sseek  0x08006c22       0x24 C:/ST/STM32CubeIDE_1.17.0/STM32CubeIDE/plugins/com.st.stm32cube.ide.mcu.externaltools.gnu-tools-for-stm32.12.3.rel1.win32_1.1.0.202410251130/tools/bin/../lib/gcc/arm-none-eabi/12.3.1/../../../../arm-none-eabi/lib/thumb/v8-m.main+fp/hard\libc_nano.a(libc_a-stdio.o)
                0x08006c22                __sseek
 .text.__sclose
                0x08006c46        0x8 C:/ST/STM32CubeIDE_1.17.0/STM32CubeIDE/plugins/com.st.stm32cube.ide.mcu.externaltools.gnu-tools-for-stm32.12.3.rel1.win32_1.1.0.202410251130/tools/bin/../lib/gcc/arm-none-eabi/12.3.1/../../../../arm-none-eabi/lib/thumb/v8-m.main+fp/hard\libc_nano.a(libc_a-stdio.o)
                0x08006c46                __sclose
 .text.__swbuf_r
                0x08006c4e       0x7c C:/ST/STM32CubeIDE_1.17.0/STM32CubeIDE/plugins/com.st.stm32cube.ide.mcu.externaltools.gnu-tools-for-stm32.12.3.rel1.win32_1.1.0.202410251130/tools/bin/../lib/gcc/arm-none-eabi/12.3.1/../../../../arm-none-eabi/lib/thumb/v8-m.main+fp/hard\libc_nano.a(libc_a-wbuf.o)
                0x08006c4e                __swbuf_r
 *fill*         0x08006cca        0x2 
 .text.__swsetup_r
                0x08006ccc       0xac C:/ST/STM32CubeIDE_1.17.0/STM32CubeIDE/plugins/com.st.stm32cube.ide.mcu.externaltools.gnu-tools-for-stm32.12.3.rel1.win32_1.1.0.202410251130/tools/bin/../lib/gcc/arm-none-eabi/12.3.1/../../../../arm-none-eabi/lib/thumb/v8-m.main+fp/hard\libc_nano.a(libc_a-wsetup.o)
                0x08006ccc                __swsetup_r
 .text.memset   0x08006d78       0x10 C:/ST/STM32CubeIDE_1.17.0/STM32CubeIDE/plugins/com.st.stm32cube.ide.mcu.externaltools.gnu-tools-for-stm32.12.3.rel1.win32_1.1.0.202410251130/tools/bin/../lib/gcc/arm-none-eabi/12.3.1/../../../../arm-none-eabi/lib/thumb/v8-m.main+fp/hard\libc_nano.a(libc_a-memset.o)
                0x08006d78                memset
 .text._close_r
                0x08006d88       0x20 C:/ST/STM32CubeIDE_1.17.0/STM32CubeIDE/plugins/com.st.stm32cube.ide.mcu.externaltools.gnu-tools-for-stm32.12.3.rel1.win32_1.1.0.202410251130/tools/bin/../lib/gcc/arm-none-eabi/12.3.1/../../../../arm-none-eabi/lib/thumb/v8-m.main+fp/hard\libc_nano.a(libc_a-closer.o)
                0x08006d88                _close_r
 .text._lseek_r
                0x08006da8       0x24 C:/ST/STM32CubeIDE_1.17.0/STM32CubeIDE/plugins/com.st.stm32cube.ide.mcu.externaltools.gnu-tools-for-stm32.12.3.rel1.win32_1.1.0.202410251130/tools/bin/../lib/gcc/arm-none-eabi/12.3.1/../../../../arm-none-eabi/lib/thumb/v8-m.main+fp/hard\libc_nano.a(libc_a-lseekr.o)
                0x08006da8                _lseek_r
 .text._read_r  0x08006dcc       0x24 C:/ST/STM32CubeIDE_1.17.0/STM32CubeIDE/plugins/com.st.stm32cube.ide.mcu.externaltools.gnu-tools-for-stm32.12.3.rel1.win32_1.1.0.202410251130/tools/bin/../lib/gcc/arm-none-eabi/12.3.1/../../../../arm-none-eabi/lib/thumb/v8-m.main+fp/hard\libc_nano.a(libc_a-readr.o)
                0x08006dcc                _read_r
 .text._write_r
                0x08006df0       0x24 C:/ST/STM32CubeIDE_1.17.0/STM32CubeIDE/plugins/com.st.stm32cube.ide.mcu.externaltools.gnu-tools-for-stm32.12.3.rel1.win32_1.1.0.202410251130/tools/bin/../lib/gcc/arm-none-eabi/12.3.1/../../../../arm-none-eabi/lib/thumb/v8-m.main+fp/hard\libc_nano.a(libc_a-writer.o)
                0x08006df0                _write_r
 .text.__errno  0x08006e14        0xc C:/ST/STM32CubeIDE_1.17.0/STM32CubeIDE/plugins/com.st.stm32cube.ide.mcu.externaltools.gnu-tools-for-stm32.12.3.rel1.win32_1.1.0.202410251130/tools/bin/../lib/gcc/arm-none-eabi/12.3.1/../../../../arm-none-eabi/lib/thumb/v8-m.main+fp/hard\libc_nano.a(libc_a-errno.o)
                0x08006e14                __errno
 .text.__libc_init_array
                0x08006e20       0x48 C:/ST/STM32CubeIDE_1.17.0/STM32CubeIDE/plugins/com.st.stm32cube.ide.mcu.externaltools.gnu-tools-for-stm32.12.3.rel1.win32_1.1.0.202410251130/tools/bin/../lib/gcc/arm-none-eabi/12.3.1/../../../../arm-none-eabi/lib/thumb/v8-m.main+fp/hard\libc_nano.a(libc_a-init.o)
                0x08006e20                __libc_init_array
 .text.__retarget_lock_init_recursive
                0x08006e68        0x2 C:/ST/STM32CubeIDE_1.17.0/STM32CubeIDE/plugins/com.st.stm32cube.ide.mcu.externaltools.gnu-tools-for-stm32.12.3.rel1.win32_1.1.0.202410251130/tools/bin/../lib/gcc/arm-none-eabi/12.3.1/../../../../arm-none-eabi/lib/thumb/v8-m.main+fp/hard\libc_nano.a(libc_a-lock.o)
                0x08006e68                __retarget_lock_init_recursive
 .text.__retarget_lock_acquire_recursive
                0x08006e6a        0x2 C:/ST/STM32CubeIDE_1.17.0/STM32CubeIDE/plugins/com.st.stm32cube.ide.mcu.externaltools.gnu-tools-for-stm32.12.3.rel1.win32_1.1.0.202410251130/tools/bin/../lib/gcc/arm-none-eabi/12.3.1/../../../../arm-none-eabi/lib/thumb/v8-m.main+fp/hard\libc_nano.a(libc_a-lock.o)
                0x08006e6a                __retarget_lock_acquire_recursive
 .text.__retarget_lock_release_recursive
                0x08006e6c        0x2 C:/ST/STM32CubeIDE_1.17.0/STM32CubeIDE/plugins/com.st.stm32cube.ide.mcu.externaltools.gnu-tools-for-stm32.12.3.rel1.win32_1.1.0.202410251130/tools/bin/../lib/gcc/arm-none-eabi/12.3.1/../../../../arm-none-eabi/lib/thumb/v8-m.main+fp/hard\libc_nano.a(libc_a-lock.o)
                0x08006e6c                __retarget_lock_release_recursive
 *fill*         0x08006e6e        0x2 
 .text._free_r  0x08006e70       0x94 C:/ST/STM32CubeIDE_1.17.0/STM32CubeIDE/plugins/com.st.stm32cube.ide.mcu.externaltools.gnu-tools-for-stm32.12.3.rel1.win32_1.1.0.202410251130/tools/bin/../lib/gcc/arm-none-eabi/12.3.1/../../../../arm-none-eabi/lib/thumb/v8-m.main+fp/hard\libc_nano.a(libc_a-freer.o)
                0x08006e70                _free_r
 .text.sbrk_aligned
                0x08006f04       0x44 C:/ST/STM32CubeIDE_1.17.0/STM32CubeIDE/plugins/com.st.stm32cube.ide.mcu.externaltools.gnu-tools-for-stm32.12.3.rel1.win32_1.1.0.202410251130/tools/bin/../lib/gcc/arm-none-eabi/12.3.1/../../../../arm-none-eabi/lib/thumb/v8-m.main+fp/hard\libc_nano.a(libc_a-mallocr.o)
 .text._malloc_r
                0x08006f48      0x100 C:/ST/STM32CubeIDE_1.17.0/STM32CubeIDE/plugins/com.st.stm32cube.ide.mcu.externaltools.gnu-tools-for-stm32.12.3.rel1.win32_1.1.0.202410251130/tools/bin/../lib/gcc/arm-none-eabi/12.3.1/../../../../arm-none-eabi/lib/thumb/v8-m.main+fp/hard\libc_nano.a(libc_a-mallocr.o)
                0x08006f48                _malloc_r
 .text.__malloc_lock
                0x08007048        0xc C:/ST/STM32CubeIDE_1.17.0/STM32CubeIDE/plugins/com.st.stm32cube.ide.mcu.externaltools.gnu-tools-for-stm32.12.3.rel1.win32_1.1.0.202410251130/tools/bin/../lib/gcc/arm-none-eabi/12.3.1/../../../../arm-none-eabi/lib/thumb/v8-m.main+fp/hard\libc_nano.a(libc_a-mlock.o)
                0x08007048                __malloc_lock
 .text.__malloc_unlock
                0x08007054        0xc C:/ST/STM32CubeIDE_1.17.0/STM32CubeIDE/plugins/com.st.stm32cube.ide.mcu.externaltools.gnu-tools-for-stm32.12.3.rel1.win32_1.1.0.202410251130/tools/bin/../lib/gcc/arm-none-eabi/12.3.1/../../../../arm-none-eabi/lib/thumb/v8-m.main+fp/hard\libc_nano.a(libc_a-mlock.o)
                0x08007054                __malloc_unlock
 .text.__sfputc_r
                0x08007060       0x2e C:/ST/STM32CubeIDE_1.17.0/STM32CubeIDE/plugins/com.st.stm32cube.ide.mcu.externaltools.gnu-tools-for-stm32.12.3.rel1.win32_1.1.0.202410251130/tools/bin/../lib/gcc/arm-none-eabi/12.3.1/../../../../arm-none-eabi/lib/thumb/v8-m.main+fp/hard\libc_nano.a(libc_a-nano-vfprintf.o)
 .text.__sfputs_r
                0x0800708e       0x24 C:/ST/STM32CubeIDE_1.17.0/STM32CubeIDE/plugins/com.st.stm32cube.ide.mcu.externaltools.gnu-tools-for-stm32.12.3.rel1.win32_1.1.0.202410251130/tools/bin/../lib/gcc/arm-none-eabi/12.3.1/../../../../arm-none-eabi/lib/thumb/v8-m.main+fp/hard\libc_nano.a(libc_a-nano-vfprintf.o)
                0x0800708e                __sfputs_r
 *fill*         0x080070b2        0x2 
 .text._vfprintf_r
                0x080070b4      0x230 C:/ST/STM32CubeIDE_1.17.0/STM32CubeIDE/plugins/com.st.stm32cube.ide.mcu.externaltools.gnu-tools-for-stm32.12.3.rel1.win32_1.1.0.202410251130/tools/bin/../lib/gcc/arm-none-eabi/12.3.1/../../../../arm-none-eabi/lib/thumb/v8-m.main+fp/hard\libc_nano.a(libc_a-nano-vfprintf.o)
                0x080070b4                _vfprintf_r
                0x080070b4                _vfiprintf_r
 .text._printf_common
                0x080072e4       0xe4 C:/ST/STM32CubeIDE_1.17.0/STM32CubeIDE/plugins/com.st.stm32cube.ide.mcu.externaltools.gnu-tools-for-stm32.12.3.rel1.win32_1.1.0.202410251130/tools/bin/../lib/gcc/arm-none-eabi/12.3.1/../../../../arm-none-eabi/lib/thumb/v8-m.main+fp/hard\libc_nano.a(libc_a-nano-vfprintf_i.o)
                0x080072e4                _printf_common
 .text._printf_i
                0x080073c8      0x240 C:/ST/STM32CubeIDE_1.17.0/STM32CubeIDE/plugins/com.st.stm32cube.ide.mcu.externaltools.gnu-tools-for-stm32.12.3.rel1.win32_1.1.0.202410251130/tools/bin/../lib/gcc/arm-none-eabi/12.3.1/../../../../arm-none-eabi/lib/thumb/v8-m.main+fp/hard\libc_nano.a(libc_a-nano-vfprintf_i.o)
                0x080073c8                _printf_i
 .text.__sflush_r
                0x08007608      0x108 C:/ST/STM32CubeIDE_1.17.0/STM32CubeIDE/plugins/com.st.stm32cube.ide.mcu.externaltools.gnu-tools-for-stm32.12.3.rel1.win32_1.1.0.202410251130/tools/bin/../lib/gcc/arm-none-eabi/12.3.1/../../../../arm-none-eabi/lib/thumb/v8-m.main+fp/hard\libc_nano.a(libc_a-fflush.o)
                0x08007608                __sflush_r
 .text._fflush_r
                0x08007710       0x50 C:/ST/STM32CubeIDE_1.17.0/STM32CubeIDE/plugins/com.st.stm32cube.ide.mcu.externaltools.gnu-tools-for-stm32.12.3.rel1.win32_1.1.0.202410251130/tools/bin/../lib/gcc/arm-none-eabi/12.3.1/../../../../arm-none-eabi/lib/thumb/v8-m.main+fp/hard\libc_nano.a(libc_a-fflush.o)
                0x08007710                _fflush_r
 .text.__swhatbuf_r
                0x08007760       0x4a C:/ST/STM32CubeIDE_1.17.0/STM32CubeIDE/plugins/com.st.stm32cube.ide.mcu.externaltools.gnu-tools-for-stm32.12.3.rel1.win32_1.1.0.202410251130/tools/bin/../lib/gcc/arm-none-eabi/12.3.1/../../../../arm-none-eabi/lib/thumb/v8-m.main+fp/hard\libc_nano.a(libc_a-makebuf.o)
                0x08007760                __swhatbuf_r
 .text.__smakebuf_r
                0x080077aa       0x78 C:/ST/STM32CubeIDE_1.17.0/STM32CubeIDE/plugins/com.st.stm32cube.ide.mcu.externaltools.gnu-tools-for-stm32.12.3.rel1.win32_1.1.0.202410251130/tools/bin/../lib/gcc/arm-none-eabi/12.3.1/../../../../arm-none-eabi/lib/thumb/v8-m.main+fp/hard\libc_nano.a(libc_a-makebuf.o)
                0x080077aa                __smakebuf_r
 *fill*         0x08007822        0x2 
 .text._fstat_r
                0x08007824       0x24 C:/ST/STM32CubeIDE_1.17.0/STM32CubeIDE/plugins/com.st.stm32cube.ide.mcu.externaltools.gnu-tools-for-stm32.12.3.rel1.win32_1.1.0.202410251130/tools/bin/../lib/gcc/arm-none-eabi/12.3.1/../../../../arm-none-eabi/lib/thumb/v8-m.main+fp/hard\libc_nano.a(libc_a-fstatr.o)
                0x08007824                _fstat_r
 .text._isatty_r
                0x08007848       0x20 C:/ST/STM32CubeIDE_1.17.0/STM32CubeIDE/plugins/com.st.stm32cube.ide.mcu.externaltools.gnu-tools-for-stm32.12.3.rel1.win32_1.1.0.202410251130/tools/bin/../lib/gcc/arm-none-eabi/12.3.1/../../../../arm-none-eabi/lib/thumb/v8-m.main+fp/hard\libc_nano.a(libc_a-isattyr.o)
                0x08007848                _isatty_r
 .text._sbrk_r  0x08007868       0x20 C:/ST/STM32CubeIDE_1.17.0/STM32CubeIDE/plugins/com.st.stm32cube.ide.mcu.externaltools.gnu-tools-for-stm32.12.3.rel1.win32_1.1.0.202410251130/tools/bin/../lib/gcc/arm-none-eabi/12.3.1/../../../../arm-none-eabi/lib/thumb/v8-m.main+fp/hard\libc_nano.a(libc_a-sbrkr.o)
                0x08007868                _sbrk_r
 .text.memchr   0x08007888       0x1c C:/ST/STM32CubeIDE_1.17.0/STM32CubeIDE/plugins/com.st.stm32cube.ide.mcu.externaltools.gnu-tools-for-stm32.12.3.rel1.win32_1.1.0.202410251130/tools/bin/../lib/gcc/arm-none-eabi/12.3.1/../../../../arm-none-eabi/lib/thumb/v8-m.main+fp/hard\libc_nano.a(libc_a-memchr-stub.o)
                0x08007888                memchr
 *(.glue_7)
 .glue_7        0x080078a4        0x0 linker stubs
 *(.glue_7t)
 .glue_7t       0x080078a4        0x0 linker stubs
 *(.eh_frame)
 .eh_frame      0x080078a4        0x0 C:/ST/STM32CubeIDE_1.17.0/STM32CubeIDE/plugins/com.st.stm32cube.ide.mcu.externaltools.gnu-tools-for-stm32.12.3.rel1.win32_1.1.0.202410251130/tools/bin/../lib/gcc/arm-none-eabi/12.3.1/thumb/v8-m.main+fp/hard/crtbegin.o
 *(.init)
 .init          0x080078a4        0x4 C:/ST/STM32CubeIDE_1.17.0/STM32CubeIDE/plugins/com.st.stm32cube.ide.mcu.externaltools.gnu-tools-for-stm32.12.3.rel1.win32_1.1.0.202410251130/tools/bin/../lib/gcc/arm-none-eabi/12.3.1/thumb/v8-m.main+fp/hard/crti.o
                0x080078a4                _init
 .init          0x080078a8        0x8 C:/ST/STM32CubeIDE_1.17.0/STM32CubeIDE/plugins/com.st.stm32cube.ide.mcu.externaltools.gnu-tools-for-stm32.12.3.rel1.win32_1.1.0.202410251130/tools/bin/../lib/gcc/arm-none-eabi/12.3.1/thumb/v8-m.main+fp/hard/crtn.o
 *(.fini)
 .fini          0x080078b0        0x4 C:/ST/STM32CubeIDE_1.17.0/STM32CubeIDE/plugins/com.st.stm32cube.ide.mcu.externaltools.gnu-tools-for-stm32.12.3.rel1.win32_1.1.0.202410251130/tools/bin/../lib/gcc/arm-none-eabi/12.3.1/thumb/v8-m.main+fp/hard/crti.o
                0x080078b0                _fini
 .fini          0x080078b4        0x8 C:/ST/STM32CubeIDE_1.17.0/STM32CubeIDE/plugins/com.st.stm32cube.ide.mcu.externaltools.gnu-tools-for-stm32.12.3.rel1.win32_1.1.0.202410251130/tools/bin/../lib/gcc/arm-none-eabi/12.3.1/thumb/v8-m.main+fp/hard/crtn.o
                0x080078bc                        . = ALIGN (0x4)
                0x080078bc                        _etext = .

.vfp11_veneer   0x080078bc        0x0
 .vfp11_veneer  0x080078bc        0x0 linker stubs

.v4_bx          0x080078bc        0x0
 .v4_bx         0x080078bc        0x0 linker stubs

.iplt           0x080078bc        0x0
 .iplt          0x080078bc        0x0 C:/ST/STM32CubeIDE_1.17.0/STM32CubeIDE/plugins/com.st.stm32cube.ide.mcu.externaltools.gnu-tools-for-stm32.12.3.rel1.win32_1.1.0.202410251130/tools/bin/../lib/gcc/arm-none-eabi/12.3.1/thumb/v8-m.main+fp/hard/crtbegin.o

.rodata         0x080078bc      0x1e8
                0x080078bc                        . = ALIGN (0x4)
 *(.rodata)
 .rodata        0x080078bc      0x163 ./Core/Src/main.o
 *(.rodata*)
 *fill*         0x08007a1f        0x1 
 .rodata.AHBPrescTable
                0x08007a20       0x10 ./Core/Src/system_stm32h5xx.o
                0x08007a20                AHBPrescTable
 .rodata.APBPrescTable
                0x08007a30        0x8 ./Core/Src/system_stm32h5xx.o
                0x08007a30                APBPrescTable
 .rodata.DLCtoBytes
                0x08007a38       0x10 ./Drivers/STM32H5xx_HAL_Driver/Src/stm32h5xx_hal_fdcan.o
 .rodata.UARTPrescTable
                0x08007a48       0x18 ./Drivers/STM32H5xx_HAL_Driver/Src/stm32h5xx_hal_uart.o
                0x08007a48                UARTPrescTable
 .rodata.numerator.1
                0x08007a60        0x8 ./Drivers/STM32H5xx_HAL_Driver/Src/stm32h5xx_hal_uart_ex.o
 .rodata.denominator.0
                0x08007a68        0x8 ./Drivers/STM32H5xx_HAL_Driver/Src/stm32h5xx_hal_uart_ex.o
 .rodata._vfprintf_r.str1.1
                0x08007a70       0x11 C:/ST/STM32CubeIDE_1.17.0/STM32CubeIDE/plugins/com.st.stm32cube.ide.mcu.externaltools.gnu-tools-for-stm32.12.3.rel1.win32_1.1.0.202410251130/tools/bin/../lib/gcc/arm-none-eabi/12.3.1/../../../../arm-none-eabi/lib/thumb/v8-m.main+fp/hard\libc_nano.a(libc_a-nano-vfprintf.o)
 .rodata._printf_i.str1.1
                0x08007a81       0x22 C:/ST/STM32CubeIDE_1.17.0/STM32CubeIDE/plugins/com.st.stm32cube.ide.mcu.externaltools.gnu-tools-for-stm32.12.3.rel1.win32_1.1.0.202410251130/tools/bin/../lib/gcc/arm-none-eabi/12.3.1/../../../../arm-none-eabi/lib/thumb/v8-m.main+fp/hard\libc_nano.a(libc_a-nano-vfprintf_i.o)
                0x08007aa4                        . = ALIGN (0x4)
 *fill*         0x08007aa3        0x1 

.ARM.extab      0x08007aa4        0x0
                0x08007aa4                        . = ALIGN (0x4)
 *(.ARM.extab* .gnu.linkonce.armextab.*)
                0x08007aa4                        . = ALIGN (0x4)

.ARM            0x08007aa4        0x8
                0x08007aa4                        . = ALIGN (0x4)
                0x08007aa4                        __exidx_start = .
 *(.ARM.exidx*)
 .ARM.exidx     0x08007aa4        0x8 C:/ST/STM32CubeIDE_1.17.0/STM32CubeIDE/plugins/com.st.stm32cube.ide.mcu.externaltools.gnu-tools-for-stm32.12.3.rel1.win32_1.1.0.202410251130/tools/bin/../lib/gcc/arm-none-eabi/12.3.1/thumb/v8-m.main+fp/hard\libgcc.a(_udivmoddi4.o)
                0x08007aac                        __exidx_end = .
                0x08007aac                        . = ALIGN (0x4)

.preinit_array  0x08007aac        0x0
                0x08007aac                        . = ALIGN (0x4)
                0x08007aac                        PROVIDE (__preinit_array_start = .)
 *(.preinit_array*)
                0x08007aac                        PROVIDE (__preinit_array_end = .)
                0x08007aac                        . = ALIGN (0x4)

.init_array     0x08007aac        0x4
                0x08007aac                        . = ALIGN (0x4)
                0x08007aac                        PROVIDE (__init_array_start = .)
 *(SORT_BY_NAME(.init_array.*))
 *(.init_array*)
 .init_array    0x08007aac        0x4 C:/ST/STM32CubeIDE_1.17.0/STM32CubeIDE/plugins/com.st.stm32cube.ide.mcu.externaltools.gnu-tools-for-stm32.12.3.rel1.win32_1.1.0.202410251130/tools/bin/../lib/gcc/arm-none-eabi/12.3.1/thumb/v8-m.main+fp/hard/crtbegin.o
                0x08007ab0                        PROVIDE (__init_array_end = .)
                0x08007ab0                        . = ALIGN (0x4)

.fini_array     0x08007ab0        0x4
                0x08007ab0                        . = ALIGN (0x4)
                [!provide]                        PROVIDE (__fini_array_start = .)
 *(SORT_BY_NAME(.fini_array.*))
 *(.fini_array*)
 .fini_array    0x08007ab0        0x4 C:/ST/STM32CubeIDE_1.17.0/STM32CubeIDE/plugins/com.st.stm32cube.ide.mcu.externaltools.gnu-tools-for-stm32.12.3.rel1.win32_1.1.0.202410251130/tools/bin/../lib/gcc/arm-none-eabi/12.3.1/thumb/v8-m.main+fp/hard/crtbegin.o
                [!provide]                        PROVIDE (__fini_array_end = .)
                0x08007ab4                        . = ALIGN (0x4)
                0x08007ab4                        _sidata = LOADADDR (.data)

.rel.dyn        0x08007ab4        0x0
 .rel.iplt      0x08007ab4        0x0 C:/ST/STM32CubeIDE_1.17.0/STM32CubeIDE/plugins/com.st.stm32cube.ide.mcu.externaltools.gnu-tools-for-stm32.12.3.rel1.win32_1.1.0.202410251130/tools/bin/../lib/gcc/arm-none-eabi/12.3.1/thumb/v8-m.main+fp/hard/crtbegin.o

.data           0x20000000       0x68 load address 0x08007ab4
                0x20000000                        . = ALIGN (0x4)
                0x20000000                        _sdata = .
 *(.data)
 *(.data*)
 .data.SystemCoreClock
                0x20000000        0x4 ./Core/Src/system_stm32h5xx.o
                0x20000000                SystemCoreClock
 .data.uwTickPrio
                0x20000004        0x4 ./Drivers/STM32H5xx_HAL_Driver/Src/stm32h5xx_hal.o
                0x20000004                uwTickPrio
 .data.uwTickFreq
                0x20000008        0x1 ./Drivers/STM32H5xx_HAL_Driver/Src/stm32h5xx_hal.o
                0x20000008                uwTickFreq
 *fill*         0x20000009        0x3 
 .data.__sglue  0x2000000c        0xc C:/ST/STM32CubeIDE_1.17.0/STM32CubeIDE/plugins/com.st.stm32cube.ide.mcu.externaltools.gnu-tools-for-stm32.12.3.rel1.win32_1.1.0.202410251130/tools/bin/../lib/gcc/arm-none-eabi/12.3.1/../../../../arm-none-eabi/lib/thumb/v8-m.main+fp/hard\libc_nano.a(libc_a-findfp.o)
                0x2000000c                __sglue
 .data._impure_ptr
                0x20000018        0x4 C:/ST/STM32CubeIDE_1.17.0/STM32CubeIDE/plugins/com.st.stm32cube.ide.mcu.externaltools.gnu-tools-for-stm32.12.3.rel1.win32_1.1.0.202410251130/tools/bin/../lib/gcc/arm-none-eabi/12.3.1/../../../../arm-none-eabi/lib/thumb/v8-m.main+fp/hard\libc_nano.a(libc_a-impure.o)
                0x20000018                _impure_ptr
 .data._impure_data
                0x2000001c       0x4c C:/ST/STM32CubeIDE_1.17.0/STM32CubeIDE/plugins/com.st.stm32cube.ide.mcu.externaltools.gnu-tools-for-stm32.12.3.rel1.win32_1.1.0.202410251130/tools/bin/../lib/gcc/arm-none-eabi/12.3.1/../../../../arm-none-eabi/lib/thumb/v8-m.main+fp/hard\libc_nano.a(libc_a-impure.o)
                0x2000001c                _impure_data
 *(.RamFunc)
 *(.RamFunc*)
                0x20000068                        . = ALIGN (0x4)
                0x20000068                        _edata = .

.igot.plt       0x20000068        0x0 load address 0x08007b1c
 .igot.plt      0x20000068        0x0 C:/ST/STM32CubeIDE_1.17.0/STM32CubeIDE/plugins/com.st.stm32cube.ide.mcu.externaltools.gnu-tools-for-stm32.12.3.rel1.win32_1.1.0.202410251130/tools/bin/../lib/gcc/arm-none-eabi/12.3.1/thumb/v8-m.main+fp/hard/crtbegin.o
                0x20000068                        . = ALIGN (0x4)

.bss            0x20000068      0x2cc load address 0x08007b1c
                0x20000068                        _sbss = .
                0x20000068                        __bss_start__ = _sbss
 *(.bss)
 .bss           0x20000068       0x1c C:/ST/STM32CubeIDE_1.17.0/STM32CubeIDE/plugins/com.st.stm32cube.ide.mcu.externaltools.gnu-tools-for-stm32.12.3.rel1.win32_1.1.0.202410251130/tools/bin/../lib/gcc/arm-none-eabi/12.3.1/thumb/v8-m.main+fp/hard/crtbegin.o
 *(.bss*)
 .bss.hfdcan1   0x20000084       0x64 ./Core/Src/main.o
                0x20000084                hfdcan1
 .bss.huart3    0x200000e8       0x94 ./Core/Src/main.o
                0x200000e8                huart3
 .bss.flag      0x2000017c        0x1 ./Core/Src/main.o
                0x2000017c                flag
 *fill*         0x2000017d        0x3 
 .bss.CAN_Payload
                0x20000180       0x60 ./Core/Src/main.o
                0x20000180                CAN_Payload
 .bss.__sbrk_heap_end
                0x200001e0        0x4 ./Core/Src/sysmem.o
 .bss.uwTick    0x200001e4        0x4 ./Drivers/STM32H5xx_HAL_Driver/Src/stm32h5xx_hal.o
                0x200001e4                uwTick
 .bss.__sf      0x200001e8      0x138 C:/ST/STM32CubeIDE_1.17.0/STM32CubeIDE/plugins/com.st.stm32cube.ide.mcu.externaltools.gnu-tools-for-stm32.12.3.rel1.win32_1.1.0.202410251130/tools/bin/../lib/gcc/arm-none-eabi/12.3.1/../../../../arm-none-eabi/lib/thumb/v8-m.main+fp/hard\libc_nano.a(libc_a-findfp.o)
                0x200001e8                __sf
 .bss.__stdio_exit_handler
                0x20000320        0x4 C:/ST/STM32CubeIDE_1.17.0/STM32CubeIDE/plugins/com.st.stm32cube.ide.mcu.externaltools.gnu-tools-for-stm32.12.3.rel1.win32_1.1.0.202410251130/tools/bin/../lib/gcc/arm-none-eabi/12.3.1/../../../../arm-none-eabi/lib/thumb/v8-m.main+fp/hard\libc_nano.a(libc_a-findfp.o)
                0x20000320                __stdio_exit_handler
 .bss.errno     0x20000324        0x4 C:/ST/STM32CubeIDE_1.17.0/STM32CubeIDE/plugins/com.st.stm32cube.ide.mcu.externaltools.gnu-tools-for-stm32.12.3.rel1.win32_1.1.0.202410251130/tools/bin/../lib/gcc/arm-none-eabi/12.3.1/../../../../arm-none-eabi/lib/thumb/v8-m.main+fp/hard\libc_nano.a(libc_a-reent.o)
                0x20000324                errno
 .bss.__lock___malloc_recursive_mutex
                0x20000328        0x1 C:/ST/STM32CubeIDE_1.17.0/STM32CubeIDE/plugins/com.st.stm32cube.ide.mcu.externaltools.gnu-tools-for-stm32.12.3.rel1.win32_1.1.0.202410251130/tools/bin/../lib/gcc/arm-none-eabi/12.3.1/../../../../arm-none-eabi/lib/thumb/v8-m.main+fp/hard\libc_nano.a(libc_a-lock.o)
                0x20000328                __lock___malloc_recursive_mutex
 .bss.__lock___sfp_recursive_mutex
                0x20000329        0x1 C:/ST/STM32CubeIDE_1.17.0/STM32CubeIDE/plugins/com.st.stm32cube.ide.mcu.externaltools.gnu-tools-for-stm32.12.3.rel1.win32_1.1.0.202410251130/tools/bin/../lib/gcc/arm-none-eabi/12.3.1/../../../../arm-none-eabi/lib/thumb/v8-m.main+fp/hard\libc_nano.a(libc_a-lock.o)
                0x20000329                __lock___sfp_recursive_mutex
 *fill*         0x2000032a        0x2 
 .bss.__malloc_sbrk_start
                0x2000032c        0x4 C:/ST/STM32CubeIDE_1.17.0/STM32CubeIDE/plugins/com.st.stm32cube.ide.mcu.externaltools.gnu-tools-for-stm32.12.3.rel1.win32_1.1.0.202410251130/tools/bin/../lib/gcc/arm-none-eabi/12.3.1/../../../../arm-none-eabi/lib/thumb/v8-m.main+fp/hard\libc_nano.a(libc_a-mallocr.o)
                0x2000032c                __malloc_sbrk_start
 .bss.__malloc_free_list
                0x20000330        0x4 C:/ST/STM32CubeIDE_1.17.0/STM32CubeIDE/plugins/com.st.stm32cube.ide.mcu.externaltools.gnu-tools-for-stm32.12.3.rel1.win32_1.1.0.202410251130/tools/bin/../lib/gcc/arm-none-eabi/12.3.1/../../../../arm-none-eabi/lib/thumb/v8-m.main+fp/hard\libc_nano.a(libc_a-mallocr.o)
                0x20000330                __malloc_free_list
 *(COMMON)
                0x20000334                        . = ALIGN (0x4)
                0x20000334                        _ebss = .
                0x20000334                        __bss_end__ = _ebss

._user_heap_stack
                0x20000334      0x604 load address 0x08007b1c
                0x20000338                        . = ALIGN (0x8)
 *fill*         0x20000334        0x4 
                [!provide]                        PROVIDE (end = .)
                0x20000338                        PROVIDE (_end = .)
                0x20000538                        . = (. + _Min_Heap_Size)
 *fill*         0x20000338      0x200 
                0x20000938                        . = (. + _Min_Stack_Size)
 *fill*         0x20000538      0x400 
                0x20000938                        . = ALIGN (0x8)

/DISCARD/
 libc.a(*)
 libm.a(*)
 libgcc.a(*)

.ARM.attributes
                0x00000000       0x36
 *(.ARM.attributes)
 .ARM.attributes
                0x00000000       0x26 C:/ST/STM32CubeIDE_1.17.0/STM32CubeIDE/plugins/com.st.stm32cube.ide.mcu.externaltools.gnu-tools-for-stm32.12.3.rel1.win32_1.1.0.202410251130/tools/bin/../lib/gcc/arm-none-eabi/12.3.1/thumb/v8-m.main+fp/hard/crti.o
 .ARM.attributes
                0x00000026       0x38 C:/ST/STM32CubeIDE_1.17.0/STM32CubeIDE/plugins/com.st.stm32cube.ide.mcu.externaltools.gnu-tools-for-stm32.12.3.rel1.win32_1.1.0.202410251130/tools/bin/../lib/gcc/arm-none-eabi/12.3.1/thumb/v8-m.main+fp/hard/crtbegin.o
 .ARM.attributes
                0x0000005e       0x3a ./Core/Src/RCC_clock.o
 .ARM.attributes
                0x00000098       0x3a ./Core/Src/gpio.o
 .ARM.attributes
                0x000000d2       0x3a ./Core/Src/main.o
 .ARM.attributes
                0x0000010c       0x3a ./Core/Src/stm32h5xx_hal_msp.o
 .ARM.attributes
                0x00000146       0x3a ./Core/Src/stm32h5xx_it.o
 .ARM.attributes
                0x00000180       0x3a ./Core/Src/syscalls.o
 .ARM.attributes
                0x000001ba       0x3a ./Core/Src/sysmem.o
 .ARM.attributes
                0x000001f4       0x3a ./Core/Src/system_stm32h5xx.o
 .ARM.attributes
                0x0000022e       0x3a ./Core/Src/uart.o
 .ARM.attributes
                0x00000268       0x24 ./Core/Startup/startup_stm32h503rbtx.o
 .ARM.attributes
                0x0000028c       0x3a ./Drivers/STM32H5xx_HAL_Driver/Src/stm32h5xx_hal.o
 .ARM.attributes
                0x000002c6       0x3a ./Drivers/STM32H5xx_HAL_Driver/Src/stm32h5xx_hal_cortex.o
 .ARM.attributes
                0x00000300       0x3a ./Drivers/STM32H5xx_HAL_Driver/Src/stm32h5xx_hal_dma.o
 .ARM.attributes
                0x0000033a       0x3a ./Drivers/STM32H5xx_HAL_Driver/Src/stm32h5xx_hal_fdcan.o
 .ARM.attributes
                0x00000374       0x3a ./Drivers/STM32H5xx_HAL_Driver/Src/stm32h5xx_hal_gpio.o
 .ARM.attributes
                0x000003ae       0x3a ./Drivers/STM32H5xx_HAL_Driver/Src/stm32h5xx_hal_rcc.o
 .ARM.attributes
                0x000003e8       0x3a ./Drivers/STM32H5xx_HAL_Driver/Src/stm32h5xx_hal_rcc_ex.o
 .ARM.attributes
                0x00000422       0x3a ./Drivers/STM32H5xx_HAL_Driver/Src/stm32h5xx_hal_uart.o
 .ARM.attributes
                0x0000045c       0x3a ./Drivers/STM32H5xx_HAL_Driver/Src/stm32h5xx_hal_uart_ex.o
 .ARM.attributes
                0x00000496       0x38 C:/ST/STM32CubeIDE_1.17.0/STM32CubeIDE/plugins/com.st.stm32cube.ide.mcu.externaltools.gnu-tools-for-stm32.12.3.rel1.win32_1.1.0.202410251130/tools/bin/../lib/gcc/arm-none-eabi/12.3.1/../../../../arm-none-eabi/lib/thumb/v8-m.main+fp/hard\libc_nano.a(libc_a-findfp.o)
 .ARM.attributes
                0x000004ce       0x38 C:/ST/STM32CubeIDE_1.17.0/STM32CubeIDE/plugins/com.st.stm32cube.ide.mcu.externaltools.gnu-tools-for-stm32.12.3.rel1.win32_1.1.0.202410251130/tools/bin/../lib/gcc/arm-none-eabi/12.3.1/../../../../arm-none-eabi/lib/thumb/v8-m.main+fp/hard\libc_nano.a(libc_a-fwalk.o)
 .ARM.attributes
                0x00000506       0x38 C:/ST/STM32CubeIDE_1.17.0/STM32CubeIDE/plugins/com.st.stm32cube.ide.mcu.externaltools.gnu-tools-for-stm32.12.3.rel1.win32_1.1.0.202410251130/tools/bin/../lib/gcc/arm-none-eabi/12.3.1/../../../../arm-none-eabi/lib/thumb/v8-m.main+fp/hard\libc_nano.a(libc_a-printf.o)
 .ARM.attributes
                0x0000053e       0x38 C:/ST/STM32CubeIDE_1.17.0/STM32CubeIDE/plugins/com.st.stm32cube.ide.mcu.externaltools.gnu-tools-for-stm32.12.3.rel1.win32_1.1.0.202410251130/tools/bin/../lib/gcc/arm-none-eabi/12.3.1/../../../../arm-none-eabi/lib/thumb/v8-m.main+fp/hard\libc_nano.a(libc_a-puts.o)
 .ARM.attributes
                0x00000576       0x38 C:/ST/STM32CubeIDE_1.17.0/STM32CubeIDE/plugins/com.st.stm32cube.ide.mcu.externaltools.gnu-tools-for-stm32.12.3.rel1.win32_1.1.0.202410251130/tools/bin/../lib/gcc/arm-none-eabi/12.3.1/../../../../arm-none-eabi/lib/thumb/v8-m.main+fp/hard\libc_nano.a(libc_a-stdio.o)
 .ARM.attributes
                0x000005ae       0x38 C:/ST/STM32CubeIDE_1.17.0/STM32CubeIDE/plugins/com.st.stm32cube.ide.mcu.externaltools.gnu-tools-for-stm32.12.3.rel1.win32_1.1.0.202410251130/tools/bin/../lib/gcc/arm-none-eabi/12.3.1/../../../../arm-none-eabi/lib/thumb/v8-m.main+fp/hard\libc_nano.a(libc_a-wbuf.o)
 .ARM.attributes
                0x000005e6       0x38 C:/ST/STM32CubeIDE_1.17.0/STM32CubeIDE/plugins/com.st.stm32cube.ide.mcu.externaltools.gnu-tools-for-stm32.12.3.rel1.win32_1.1.0.202410251130/tools/bin/../lib/gcc/arm-none-eabi/12.3.1/../../../../arm-none-eabi/lib/thumb/v8-m.main+fp/hard\libc_nano.a(libc_a-wsetup.o)
 .ARM.attributes
                0x0000061e       0x38 C:/ST/STM32CubeIDE_1.17.0/STM32CubeIDE/plugins/com.st.stm32cube.ide.mcu.externaltools.gnu-tools-for-stm32.12.3.rel1.win32_1.1.0.202410251130/tools/bin/../lib/gcc/arm-none-eabi/12.3.1/../../../../arm-none-eabi/lib/thumb/v8-m.main+fp/hard\libc_nano.a(libc_a-memset.o)
 .ARM.attributes
                0x00000656       0x38 C:/ST/STM32CubeIDE_1.17.0/STM32CubeIDE/plugins/com.st.stm32cube.ide.mcu.externaltools.gnu-tools-for-stm32.12.3.rel1.win32_1.1.0.202410251130/tools/bin/../lib/gcc/arm-none-eabi/12.3.1/../../../../arm-none-eabi/lib/thumb/v8-m.main+fp/hard\libc_nano.a(libc_a-closer.o)
 .ARM.attributes
                0x0000068e       0x38 C:/ST/STM32CubeIDE_1.17.0/STM32CubeIDE/plugins/com.st.stm32cube.ide.mcu.externaltools.gnu-tools-for-stm32.12.3.rel1.win32_1.1.0.202410251130/tools/bin/../lib/gcc/arm-none-eabi/12.3.1/../../../../arm-none-eabi/lib/thumb/v8-m.main+fp/hard\libc_nano.a(libc_a-reent.o)
 .ARM.attributes
                0x000006c6       0x38 C:/ST/STM32CubeIDE_1.17.0/STM32CubeIDE/plugins/com.st.stm32cube.ide.mcu.externaltools.gnu-tools-for-stm32.12.3.rel1.win32_1.1.0.202410251130/tools/bin/../lib/gcc/arm-none-eabi/12.3.1/../../../../arm-none-eabi/lib/thumb/v8-m.main+fp/hard\libc_nano.a(libc_a-impure.o)
 .ARM.attributes
                0x000006fe       0x38 C:/ST/STM32CubeIDE_1.17.0/STM32CubeIDE/plugins/com.st.stm32cube.ide.mcu.externaltools.gnu-tools-for-stm32.12.3.rel1.win32_1.1.0.202410251130/tools/bin/../lib/gcc/arm-none-eabi/12.3.1/../../../../arm-none-eabi/lib/thumb/v8-m.main+fp/hard\libc_nano.a(libc_a-lseekr.o)
 .ARM.attributes
                0x00000736       0x38 C:/ST/STM32CubeIDE_1.17.0/STM32CubeIDE/plugins/com.st.stm32cube.ide.mcu.externaltools.gnu-tools-for-stm32.12.3.rel1.win32_1.1.0.202410251130/tools/bin/../lib/gcc/arm-none-eabi/12.3.1/../../../../arm-none-eabi/lib/thumb/v8-m.main+fp/hard\libc_nano.a(libc_a-readr.o)
 .ARM.attributes
                0x0000076e       0x38 C:/ST/STM32CubeIDE_1.17.0/STM32CubeIDE/plugins/com.st.stm32cube.ide.mcu.externaltools.gnu-tools-for-stm32.12.3.rel1.win32_1.1.0.202410251130/tools/bin/../lib/gcc/arm-none-eabi/12.3.1/../../../../arm-none-eabi/lib/thumb/v8-m.main+fp/hard\libc_nano.a(libc_a-writer.o)
 .ARM.attributes
                0x000007a6       0x38 C:/ST/STM32CubeIDE_1.17.0/STM32CubeIDE/plugins/com.st.stm32cube.ide.mcu.externaltools.gnu-tools-for-stm32.12.3.rel1.win32_1.1.0.202410251130/tools/bin/../lib/gcc/arm-none-eabi/12.3.1/../../../../arm-none-eabi/lib/thumb/v8-m.main+fp/hard\libc_nano.a(libc_a-errno.o)
 .ARM.attributes
                0x000007de       0x38 C:/ST/STM32CubeIDE_1.17.0/STM32CubeIDE/plugins/com.st.stm32cube.ide.mcu.externaltools.gnu-tools-for-stm32.12.3.rel1.win32_1.1.0.202410251130/tools/bin/../lib/gcc/arm-none-eabi/12.3.1/../../../../arm-none-eabi/lib/thumb/v8-m.main+fp/hard\libc_nano.a(libc_a-init.o)
 .ARM.attributes
                0x00000816       0x38 C:/ST/STM32CubeIDE_1.17.0/STM32CubeIDE/plugins/com.st.stm32cube.ide.mcu.externaltools.gnu-tools-for-stm32.12.3.rel1.win32_1.1.0.202410251130/tools/bin/../lib/gcc/arm-none-eabi/12.3.1/../../../../arm-none-eabi/lib/thumb/v8-m.main+fp/hard\libc_nano.a(libc_a-lock.o)
 .ARM.attributes
                0x0000084e       0x38 C:/ST/STM32CubeIDE_1.17.0/STM32CubeIDE/plugins/com.st.stm32cube.ide.mcu.externaltools.gnu-tools-for-stm32.12.3.rel1.win32_1.1.0.202410251130/tools/bin/../lib/gcc/arm-none-eabi/12.3.1/../../../../arm-none-eabi/lib/thumb/v8-m.main+fp/hard\libc_nano.a(libc_a-freer.o)
 .ARM.attributes
                0x00000886       0x38 C:/ST/STM32CubeIDE_1.17.0/STM32CubeIDE/plugins/com.st.stm32cube.ide.mcu.externaltools.gnu-tools-for-stm32.12.3.rel1.win32_1.1.0.202410251130/tools/bin/../lib/gcc/arm-none-eabi/12.3.1/../../../../arm-none-eabi/lib/thumb/v8-m.main+fp/hard\libc_nano.a(libc_a-mallocr.o)
 .ARM.attributes
                0x000008be       0x38 C:/ST/STM32CubeIDE_1.17.0/STM32CubeIDE/plugins/com.st.stm32cube.ide.mcu.externaltools.gnu-tools-for-stm32.12.3.rel1.win32_1.1.0.202410251130/tools/bin/../lib/gcc/arm-none-eabi/12.3.1/../../../../arm-none-eabi/lib/thumb/v8-m.main+fp/hard\libc_nano.a(libc_a-mlock.o)
 .ARM.attributes
                0x000008f6       0x38 C:/ST/STM32CubeIDE_1.17.0/STM32CubeIDE/plugins/com.st.stm32cube.ide.mcu.externaltools.gnu-tools-for-stm32.12.3.rel1.win32_1.1.0.202410251130/tools/bin/../lib/gcc/arm-none-eabi/12.3.1/../../../../arm-none-eabi/lib/thumb/v8-m.main+fp/hard\libc_nano.a(libc_a-nano-vfprintf.o)
 .ARM.attributes
                0x0000092e       0x38 C:/ST/STM32CubeIDE_1.17.0/STM32CubeIDE/plugins/com.st.stm32cube.ide.mcu.externaltools.gnu-tools-for-stm32.12.3.rel1.win32_1.1.0.202410251130/tools/bin/../lib/gcc/arm-none-eabi/12.3.1/../../../../arm-none-eabi/lib/thumb/v8-m.main+fp/hard\libc_nano.a(libc_a-nano-vfprintf_i.o)
 .ARM.attributes
                0x00000966       0x38 C:/ST/STM32CubeIDE_1.17.0/STM32CubeIDE/plugins/com.st.stm32cube.ide.mcu.externaltools.gnu-tools-for-stm32.12.3.rel1.win32_1.1.0.202410251130/tools/bin/../lib/gcc/arm-none-eabi/12.3.1/../../../../arm-none-eabi/lib/thumb/v8-m.main+fp/hard\libc_nano.a(libc_a-fflush.o)
 .ARM.attributes
                0x0000099e       0x38 C:/ST/STM32CubeIDE_1.17.0/STM32CubeIDE/plugins/com.st.stm32cube.ide.mcu.externaltools.gnu-tools-for-stm32.12.3.rel1.win32_1.1.0.202410251130/tools/bin/../lib/gcc/arm-none-eabi/12.3.1/../../../../arm-none-eabi/lib/thumb/v8-m.main+fp/hard\libc_nano.a(libc_a-makebuf.o)
 .ARM.attributes
                0x000009d6       0x38 C:/ST/STM32CubeIDE_1.17.0/STM32CubeIDE/plugins/com.st.stm32cube.ide.mcu.externaltools.gnu-tools-for-stm32.12.3.rel1.win32_1.1.0.202410251130/tools/bin/../lib/gcc/arm-none-eabi/12.3.1/../../../../arm-none-eabi/lib/thumb/v8-m.main+fp/hard\libc_nano.a(libc_a-fstatr.o)
 .ARM.attributes
                0x00000a0e       0x38 C:/ST/STM32CubeIDE_1.17.0/STM32CubeIDE/plugins/com.st.stm32cube.ide.mcu.externaltools.gnu-tools-for-stm32.12.3.rel1.win32_1.1.0.202410251130/tools/bin/../lib/gcc/arm-none-eabi/12.3.1/../../../../arm-none-eabi/lib/thumb/v8-m.main+fp/hard\libc_nano.a(libc_a-isattyr.o)
 .ARM.attributes
                0x00000a46       0x38 C:/ST/STM32CubeIDE_1.17.0/STM32CubeIDE/plugins/com.st.stm32cube.ide.mcu.externaltools.gnu-tools-for-stm32.12.3.rel1.win32_1.1.0.202410251130/tools/bin/../lib/gcc/arm-none-eabi/12.3.1/../../../../arm-none-eabi/lib/thumb/v8-m.main+fp/hard\libc_nano.a(libc_a-sbrkr.o)
 .ARM.attributes
                0x00000a7e       0x38 C:/ST/STM32CubeIDE_1.17.0/STM32CubeIDE/plugins/com.st.stm32cube.ide.mcu.externaltools.gnu-tools-for-stm32.12.3.rel1.win32_1.1.0.202410251130/tools/bin/../lib/gcc/arm-none-eabi/12.3.1/../../../../arm-none-eabi/lib/thumb/v8-m.main+fp/hard\libc_nano.a(libc_a-memchr-stub.o)
 .ARM.attributes
                0x00000ab6       0x26 C:/ST/STM32CubeIDE_1.17.0/STM32CubeIDE/plugins/com.st.stm32cube.ide.mcu.externaltools.gnu-tools-for-stm32.12.3.rel1.win32_1.1.0.202410251130/tools/bin/../lib/gcc/arm-none-eabi/12.3.1/thumb/v8-m.main+fp/hard\libgcc.a(_aeabi_uldivmod.o)
 .ARM.attributes
                0x00000adc       0x38 C:/ST/STM32CubeIDE_1.17.0/STM32CubeIDE/plugins/com.st.stm32cube.ide.mcu.externaltools.gnu-tools-for-stm32.12.3.rel1.win32_1.1.0.202410251130/tools/bin/../lib/gcc/arm-none-eabi/12.3.1/thumb/v8-m.main+fp/hard\libgcc.a(_udivmoddi4.o)
 .ARM.attributes
                0x00000b14       0x26 C:/ST/STM32CubeIDE_1.17.0/STM32CubeIDE/plugins/com.st.stm32cube.ide.mcu.externaltools.gnu-tools-for-stm32.12.3.rel1.win32_1.1.0.202410251130/tools/bin/../lib/gcc/arm-none-eabi/12.3.1/thumb/v8-m.main+fp/hard\libgcc.a(_dvmd_tls.o)
 .ARM.attributes
                0x00000b3a       0x26 C:/ST/STM32CubeIDE_1.17.0/STM32CubeIDE/plugins/com.st.stm32cube.ide.mcu.externaltools.gnu-tools-for-stm32.12.3.rel1.win32_1.1.0.202410251130/tools/bin/../lib/gcc/arm-none-eabi/12.3.1/thumb/v8-m.main+fp/hard/crtn.o
OUTPUT(w_NodeB.elf elf32-littlearm)
LOAD linker stubs
LOAD C:/ST/STM32CubeIDE_1.17.0/STM32CubeIDE/plugins/com.st.stm32cube.ide.mcu.externaltools.gnu-tools-for-stm32.12.3.rel1.win32_1.1.0.202410251130/tools/bin/../lib/gcc/arm-none-eabi/12.3.1/../../../../arm-none-eabi/lib/thumb/v8-m.main+fp/hard\libc.a
LOAD C:/ST/STM32CubeIDE_1.17.0/STM32CubeIDE/plugins/com.st.stm32cube.ide.mcu.externaltools.gnu-tools-for-stm32.12.3.rel1.win32_1.1.0.202410251130/tools/bin/../lib/gcc/arm-none-eabi/12.3.1/../../../../arm-none-eabi/lib/thumb/v8-m.main+fp/hard\libm.a
LOAD C:/ST/STM32CubeIDE_1.17.0/STM32CubeIDE/plugins/com.st.stm32cube.ide.mcu.externaltools.gnu-tools-for-stm32.12.3.rel1.win32_1.1.0.202410251130/tools/bin/../lib/gcc/arm-none-eabi/12.3.1/thumb/v8-m.main+fp/hard\libgcc.a

.debug_info     0x00000000    0x1266c
 .debug_info    0x00000000      0x703 ./Core/Src/RCC_clock.o
 .debug_info    0x00000703      0x847 ./Core/Src/gpio.o
 .debug_info    0x00000f4a     0x12e8 ./Core/Src/main.o
 .debug_info    0x00002232     0x1832 ./Core/Src/stm32h5xx_hal_msp.o
 .debug_info    0x00003a64      0xe59 ./Core/Src/stm32h5xx_it.o
 .debug_info    0x000048bd      0x6a3 ./Core/Src/syscalls.o
 .debug_info    0x00004f60      0x168 ./Core/Src/sysmem.o
 .debug_info    0x000050c8      0xc0b ./Core/Src/system_stm32h5xx.o
 .debug_info    0x00005cd3      0x941 ./Core/Src/uart.o
 .debug_info    0x00006614       0x30 ./Core/Startup/startup_stm32h503rbtx.o
 .debug_info    0x00006644     0x1069 ./Drivers/STM32H5xx_HAL_Driver/Src/stm32h5xx_hal.o
 .debug_info    0x000076ad     0x1522 ./Drivers/STM32H5xx_HAL_Driver/Src/stm32h5xx_hal_cortex.o
 .debug_info    0x00008bcf      0xa85 ./Drivers/STM32H5xx_HAL_Driver/Src/stm32h5xx_hal_dma.o
 .debug_info    0x00009654     0x1920 ./Drivers/STM32H5xx_HAL_Driver/Src/stm32h5xx_hal_fdcan.o
 .debug_info    0x0000af74      0x6aa ./Drivers/STM32H5xx_HAL_Driver/Src/stm32h5xx_hal_gpio.o
 .debug_info    0x0000b61e      0xfdf ./Drivers/STM32H5xx_HAL_Driver/Src/stm32h5xx_hal_rcc.o
 .debug_info    0x0000c5fd      0xf52 ./Drivers/STM32H5xx_HAL_Driver/Src/stm32h5xx_hal_rcc_ex.o
 .debug_info    0x0000d54f     0x4030 ./Drivers/STM32H5xx_HAL_Driver/Src/stm32h5xx_hal_uart.o
 .debug_info    0x0001157f     0x10ed ./Drivers/STM32H5xx_HAL_Driver/Src/stm32h5xx_hal_uart_ex.o

.debug_abbrev   0x00000000     0x24b7
 .debug_abbrev  0x00000000      0x160 ./Core/Src/RCC_clock.o
 .debug_abbrev  0x00000160      0x181 ./Core/Src/gpio.o
 .debug_abbrev  0x000002e1      0x2b5 ./Core/Src/main.o
 .debug_abbrev  0x00000596      0x1f9 ./Core/Src/stm32h5xx_hal_msp.o
 .debug_abbrev  0x0000078f      0x184 ./Core/Src/stm32h5xx_it.o
 .debug_abbrev  0x00000913      0x1b6 ./Core/Src/syscalls.o
 .debug_abbrev  0x00000ac9       0xbc ./Core/Src/sysmem.o
 .debug_abbrev  0x00000b85      0x13a ./Core/Src/system_stm32h5xx.o
 .debug_abbrev  0x00000cbf      0x16f ./Core/Src/uart.o
 .debug_abbrev  0x00000e2e       0x24 ./Core/Startup/startup_stm32h503rbtx.o
 .debug_abbrev  0x00000e52      0x2ac ./Drivers/STM32H5xx_HAL_Driver/Src/stm32h5xx_hal.o
 .debug_abbrev  0x000010fe      0x311 ./Drivers/STM32H5xx_HAL_Driver/Src/stm32h5xx_hal_cortex.o
 .debug_abbrev  0x0000140f      0x1ff ./Drivers/STM32H5xx_HAL_Driver/Src/stm32h5xx_hal_dma.o
 .debug_abbrev  0x0000160e      0x20b ./Drivers/STM32H5xx_HAL_Driver/Src/stm32h5xx_hal_fdcan.o
 .debug_abbrev  0x00001819      0x1db ./Drivers/STM32H5xx_HAL_Driver/Src/stm32h5xx_hal_gpio.o
 .debug_abbrev  0x000019f4      0x28e ./Drivers/STM32H5xx_HAL_Driver/Src/stm32h5xx_hal_rcc.o
 .debug_abbrev  0x00001c82      0x25c ./Drivers/STM32H5xx_HAL_Driver/Src/stm32h5xx_hal_rcc_ex.o
 .debug_abbrev  0x00001ede      0x305 ./Drivers/STM32H5xx_HAL_Driver/Src/stm32h5xx_hal_uart.o
 .debug_abbrev  0x000021e3      0x2d4 ./Drivers/STM32H5xx_HAL_Driver/Src/stm32h5xx_hal_uart_ex.o

.debug_aranges  0x00000000      0xd18
 .debug_aranges
                0x00000000       0x20 ./Core/Src/RCC_clock.o
 .debug_aranges
                0x00000020       0x20 ./Core/Src/gpio.o
 .debug_aranges
                0x00000040       0x70 ./Core/Src/main.o
 .debug_aranges
                0x000000b0       0x40 ./Core/Src/stm32h5xx_hal_msp.o
 .debug_aranges
                0x000000f0       0x80 ./Core/Src/stm32h5xx_it.o
 .debug_aranges
                0x00000170       0xa8 ./Core/Src/syscalls.o
 .debug_aranges
                0x00000218       0x20 ./Core/Src/sysmem.o
 .debug_aranges
                0x00000238       0x28 ./Core/Src/system_stm32h5xx.o
 .debug_aranges
                0x00000260       0x20 ./Core/Src/uart.o
 .debug_aranges
                0x00000280       0x28 ./Core/Startup/startup_stm32h503rbtx.o
 .debug_aranges
                0x000002a8      0x1a0 ./Drivers/STM32H5xx_HAL_Driver/Src/stm32h5xx_hal.o
 .debug_aranges
                0x00000448      0x140 ./Drivers/STM32H5xx_HAL_Driver/Src/stm32h5xx_hal_cortex.o
 .debug_aranges
                0x00000588       0x98 ./Drivers/STM32H5xx_HAL_Driver/Src/stm32h5xx_hal_dma.o
 .debug_aranges
                0x00000620      0x208 ./Drivers/STM32H5xx_HAL_Driver/Src/stm32h5xx_hal_fdcan.o
 .debug_aranges
                0x00000828       0x78 ./Drivers/STM32H5xx_HAL_Driver/Src/stm32h5xx_hal_gpio.o
 .debug_aranges
                0x000008a0       0xa0 ./Drivers/STM32H5xx_HAL_Driver/Src/stm32h5xx_hal_rcc.o
 .debug_aranges
                0x00000940       0xe8 ./Drivers/STM32H5xx_HAL_Driver/Src/stm32h5xx_hal_rcc_ex.o
 .debug_aranges
                0x00000a28      0x248 ./Drivers/STM32H5xx_HAL_Driver/Src/stm32h5xx_hal_uart.o
 .debug_aranges
                0x00000c70       0xa8 ./Drivers/STM32H5xx_HAL_Driver/Src/stm32h5xx_hal_uart_ex.o

.debug_rnglists
                0x00000000      0x9f5
 .debug_rnglists
                0x00000000       0x14 ./Core/Src/RCC_clock.o
 .debug_rnglists
                0x00000014       0x14 ./Core/Src/gpio.o
 .debug_rnglists
                0x00000028       0x51 ./Core/Src/main.o
 .debug_rnglists
                0x00000079       0x2d ./Core/Src/stm32h5xx_hal_msp.o
 .debug_rnglists
                0x000000a6       0x5b ./Core/Src/stm32h5xx_it.o
 .debug_rnglists
                0x00000101       0x79 ./Core/Src/syscalls.o
 .debug_rnglists
                0x0000017a       0x13 ./Core/Src/sysmem.o
 .debug_rnglists
                0x0000018d       0x1b ./Core/Src/system_stm32h5xx.o
 .debug_rnglists
                0x000001a8       0x14 ./Core/Src/uart.o
 .debug_rnglists
                0x000001bc       0x19 ./Core/Startup/startup_stm32h503rbtx.o
 .debug_rnglists
                0x000001d5      0x134 ./Drivers/STM32H5xx_HAL_Driver/Src/stm32h5xx_hal.o
 .debug_rnglists
                0x00000309       0xec ./Drivers/STM32H5xx_HAL_Driver/Src/stm32h5xx_hal_cortex.o
 .debug_rnglists
                0x000003f5       0x77 ./Drivers/STM32H5xx_HAL_Driver/Src/stm32h5xx_hal_dma.o
 .debug_rnglists
                0x0000046c      0x18d ./Drivers/STM32H5xx_HAL_Driver/Src/stm32h5xx_hal_fdcan.o
 .debug_rnglists
                0x000005f9       0x57 ./Drivers/STM32H5xx_HAL_Driver/Src/stm32h5xx_hal_gpio.o
 .debug_rnglists
                0x00000650       0x79 ./Drivers/STM32H5xx_HAL_Driver/Src/stm32h5xx_hal_rcc.o
 .debug_rnglists
                0x000006c9       0xb4 ./Drivers/STM32H5xx_HAL_Driver/Src/stm32h5xx_hal_rcc_ex.o
 .debug_rnglists
                0x0000077d      0x1f9 ./Drivers/STM32H5xx_HAL_Driver/Src/stm32h5xx_hal_uart.o
 .debug_rnglists
                0x00000976       0x7f ./Drivers/STM32H5xx_HAL_Driver/Src/stm32h5xx_hal_uart_ex.o

.debug_macro    0x00000000    0x21072
 .debug_macro   0x00000000      0x26d ./Core/Src/RCC_clock.o
 .debug_macro   0x0000026d      0xaba ./Core/Src/RCC_clock.o
 .debug_macro   0x00000d27      0x1ca ./Core/Src/RCC_clock.o
 .debug_macro   0x00000ef1       0x22 ./Core/Src/RCC_clock.o
 .debug_macro   0x00000f13       0x5b ./Core/Src/RCC_clock.o
 .debug_macro   0x00000f6e       0x2a ./Core/Src/RCC_clock.o
 .debug_macro   0x00000f98       0x94 ./Core/Src/RCC_clock.o
 .debug_macro   0x0000102c       0x43 ./Core/Src/RCC_clock.o
 .debug_macro   0x0000106f       0x34 ./Core/Src/RCC_clock.o
 .debug_macro   0x000010a3      0x189 ./Core/Src/RCC_clock.o
 .debug_macro   0x0000122c       0x16 ./Core/Src/RCC_clock.o
 .debug_macro   0x00001242       0x43 ./Core/Src/RCC_clock.o
 .debug_macro   0x00001285       0x57 ./Core/Src/RCC_clock.o
 .debug_macro   0x000012dc       0x34 ./Core/Src/RCC_clock.o
 .debug_macro   0x00001310       0x10 ./Core/Src/RCC_clock.o
 .debug_macro   0x00001320       0x58 ./Core/Src/RCC_clock.o
 .debug_macro   0x00001378       0x8e ./Core/Src/RCC_clock.o
 .debug_macro   0x00001406       0x1c ./Core/Src/RCC_clock.o
 .debug_macro   0x00001422      0x177 ./Core/Src/RCC_clock.o
 .debug_macro   0x00001599      0x369 ./Core/Src/RCC_clock.o
 .debug_macro   0x00001902      0x19b ./Core/Src/RCC_clock.o
 .debug_macro   0x00001a9d       0x28 ./Core/Src/RCC_clock.o
 .debug_macro   0x00001ac5       0x42 ./Core/Src/RCC_clock.o
 .debug_macro   0x00001b07      0x103 ./Core/Src/RCC_clock.o
 .debug_macro   0x00001c0a       0x6a ./Core/Src/RCC_clock.o
 .debug_macro   0x00001c74      0x1df ./Core/Src/RCC_clock.o
 .debug_macro   0x00001e53       0x1c ./Core/Src/RCC_clock.o
 .debug_macro   0x00001e6f       0x29 ./Core/Src/RCC_clock.o
 .debug_macro   0x00001e98       0xfb ./Core/Src/RCC_clock.o
 .debug_macro   0x00001f93     0x1685 ./Core/Src/RCC_clock.o
 .debug_macro   0x00003618       0x5e ./Core/Src/RCC_clock.o
 .debug_macro   0x00003676    0x11feb ./Core/Src/RCC_clock.o
 .debug_macro   0x00015661       0x6d ./Core/Src/RCC_clock.o
 .debug_macro   0x000156ce     0x388a ./Core/Src/RCC_clock.o
 .debug_macro   0x00018f58       0x63 ./Core/Src/RCC_clock.o
 .debug_macro   0x00018fbb     0x146a ./Core/Src/RCC_clock.o
 .debug_macro   0x0001a425      0x75e ./Core/Src/RCC_clock.o
 .debug_macro   0x0001ab83      0x166 ./Core/Src/RCC_clock.o
 .debug_macro   0x0001ace9      0x1ad ./Core/Src/RCC_clock.o
 .debug_macro   0x0001ae96      0x527 ./Core/Src/RCC_clock.o
 .debug_macro   0x0001b3bd      0x40f ./Core/Src/RCC_clock.o
 .debug_macro   0x0001b7cc       0xd6 ./Core/Src/RCC_clock.o
 .debug_macro   0x0001b8a2      0x1cd ./Core/Src/RCC_clock.o
 .debug_macro   0x0001ba6f      0x1c3 ./Core/Src/RCC_clock.o
 .debug_macro   0x0001bc32      0x4e8 ./Core/Src/RCC_clock.o
 .debug_macro   0x0001c11a       0x58 ./Core/Src/RCC_clock.o
 .debug_macro   0x0001c172      0x272 ./Core/Src/RCC_clock.o
 .debug_macro   0x0001c3e4      0x1a6 ./Core/Src/RCC_clock.o
 .debug_macro   0x0001c58a      0x693 ./Core/Src/RCC_clock.o
 .debug_macro   0x0001cc1d       0xa6 ./Core/Src/RCC_clock.o
 .debug_macro   0x0001ccc3      0x20a ./Core/Src/RCC_clock.o
 .debug_macro   0x0001cecd      0x6bd ./Core/Src/RCC_clock.o
 .debug_macro   0x0001d58a      0x31f ./Core/Src/RCC_clock.o
 .debug_macro   0x0001d8a9      0x272 ./Core/Src/gpio.o
 .debug_macro   0x0001db1b       0x3a ./Core/Src/gpio.o
 .debug_macro   0x0001db55      0x2c3 ./Core/Src/main.o
 .debug_macro   0x0001de18       0x40 ./Core/Src/main.o
 .debug_macro   0x0001de58       0x3a ./Core/Src/main.o
 .debug_macro   0x0001de92       0x1c ./Core/Src/main.o
 .debug_macro   0x0001deae       0x35 ./Core/Src/main.o
 .debug_macro   0x0001dee3       0x10 ./Core/Src/main.o
 .debug_macro   0x0001def3       0x1c ./Core/Src/main.o
 .debug_macro   0x0001df0f       0x16 ./Core/Src/main.o
 .debug_macro   0x0001df25      0x146 ./Core/Src/main.o
 .debug_macro   0x0001e06b      0x28f ./Core/Src/stm32h5xx_hal_msp.o
 .debug_macro   0x0001e2fa      0x299 ./Core/Src/stm32h5xx_it.o
 .debug_macro   0x0001e593      0x274 ./Core/Src/syscalls.o
 .debug_macro   0x0001e807       0x10 ./Core/Src/syscalls.o
 .debug_macro   0x0001e817       0x10 ./Core/Src/syscalls.o
 .debug_macro   0x0001e827       0x10 ./Core/Src/syscalls.o
 .debug_macro   0x0001e837       0x10 ./Core/Src/syscalls.o
 .debug_macro   0x0001e847       0x1c ./Core/Src/syscalls.o
 .debug_macro   0x0001e863       0x52 ./Core/Src/syscalls.o
 .debug_macro   0x0001e8b5       0x22 ./Core/Src/syscalls.o
 .debug_macro   0x0001e8d7       0x10 ./Core/Src/syscalls.o
 .debug_macro   0x0001e8e7       0x52 ./Core/Src/syscalls.o
 .debug_macro   0x0001e939       0xcf ./Core/Src/syscalls.o
 .debug_macro   0x0001ea08       0x1c ./Core/Src/syscalls.o
 .debug_macro   0x0001ea24       0x3d ./Core/Src/syscalls.o
 .debug_macro   0x0001ea61       0x35 ./Core/Src/syscalls.o
 .debug_macro   0x0001ea96      0x12c ./Core/Src/syscalls.o
 .debug_macro   0x0001ebc2       0x16 ./Core/Src/syscalls.o
 .debug_macro   0x0001ebd8       0x16 ./Core/Src/syscalls.o
 .debug_macro   0x0001ebee       0x29 ./Core/Src/syscalls.o
 .debug_macro   0x0001ec17       0x10 ./Core/Src/syscalls.o
 .debug_macro   0x0001ec27      0x242 ./Core/Src/syscalls.o
 .debug_macro   0x0001ee69       0x10 ./Core/Src/syscalls.o
 .debug_macro   0x0001ee79      0x18a ./Core/Src/syscalls.o
 .debug_macro   0x0001f003       0x16 ./Core/Src/syscalls.o
 .debug_macro   0x0001f019       0xce ./Core/Src/syscalls.o
 .debug_macro   0x0001f0e7       0xff ./Core/Src/sysmem.o
 .debug_macro   0x0001f1e6      0x23c ./Core/Src/sysmem.o
 .debug_macro   0x0001f422      0x26a ./Core/Src/system_stm32h5xx.o
 .debug_macro   0x0001f68c      0x26d ./Core/Src/uart.o
 .debug_macro   0x0001f8f9      0x293 ./Drivers/STM32H5xx_HAL_Driver/Src/stm32h5xx_hal.o
 .debug_macro   0x0001fb8c      0x263 ./Drivers/STM32H5xx_HAL_Driver/Src/stm32h5xx_hal_cortex.o
 .debug_macro   0x0001fdef      0x264 ./Drivers/STM32H5xx_HAL_Driver/Src/stm32h5xx_hal_dma.o
 .debug_macro   0x00020053      0x375 ./Drivers/STM32H5xx_HAL_Driver/Src/stm32h5xx_hal_fdcan.o
 .debug_macro   0x000203c8      0x299 ./Drivers/STM32H5xx_HAL_Driver/Src/stm32h5xx_hal_gpio.o
 .debug_macro   0x00020661      0x2a5 ./Drivers/STM32H5xx_HAL_Driver/Src/stm32h5xx_hal_rcc.o
 .debug_macro   0x00020906      0x26f ./Drivers/STM32H5xx_HAL_Driver/Src/stm32h5xx_hal_rcc_ex.o
 .debug_macro   0x00020b75      0x28e ./Drivers/STM32H5xx_HAL_Driver/Src/stm32h5xx_hal_uart.o
 .debug_macro   0x00020e03      0x26f ./Drivers/STM32H5xx_HAL_Driver/Src/stm32h5xx_hal_uart_ex.o

.debug_line     0x00000000    0x11b92
 .debug_line    0x00000000      0x8ba ./Core/Src/RCC_clock.o
 .debug_line    0x000008ba      0x88e ./Core/Src/gpio.o
 .debug_line    0x00001148      0xac5 ./Core/Src/main.o
 .debug_line    0x00001c0d      0x947 ./Core/Src/stm32h5xx_hal_msp.o
 .debug_line    0x00002554      0x9a8 ./Core/Src/stm32h5xx_it.o
 .debug_line    0x00002efc      0x8a8 ./Core/Src/syscalls.o
 .debug_line    0x000037a4      0x579 ./Core/Src/sysmem.o
 .debug_line    0x00003d1d      0x9d4 ./Core/Src/system_stm32h5xx.o
 .debug_line    0x000046f1      0x8a4 ./Core/Src/uart.o
 .debug_line    0x00004f95       0x77 ./Core/Startup/startup_stm32h503rbtx.o
 .debug_line    0x0000500c      0xe24 ./Drivers/STM32H5xx_HAL_Driver/Src/stm32h5xx_hal.o
 .debug_line    0x00005e30      0xed3 ./Drivers/STM32H5xx_HAL_Driver/Src/stm32h5xx_hal_cortex.o
 .debug_line    0x00006d03     0x1140 ./Drivers/STM32H5xx_HAL_Driver/Src/stm32h5xx_hal_dma.o
 .debug_line    0x00007e43     0x1a6e ./Drivers/STM32H5xx_HAL_Driver/Src/stm32h5xx_hal_fdcan.o
 .debug_line    0x000098b1      0xc5f ./Drivers/STM32H5xx_HAL_Driver/Src/stm32h5xx_hal_gpio.o
 .debug_line    0x0000a510     0x12be ./Drivers/STM32H5xx_HAL_Driver/Src/stm32h5xx_hal_rcc.o
 .debug_line    0x0000b7ce     0x1ba8 ./Drivers/STM32H5xx_HAL_Driver/Src/stm32h5xx_hal_rcc_ex.o
 .debug_line    0x0000d376     0x3963 ./Drivers/STM32H5xx_HAL_Driver/Src/stm32h5xx_hal_uart.o
 .debug_line    0x00010cd9      0xeb9 ./Drivers/STM32H5xx_HAL_Driver/Src/stm32h5xx_hal_uart_ex.o

.debug_str      0x00000000    0xc88a2
 .debug_str     0x00000000    0xc0ed6 ./Core/Src/RCC_clock.o
                              0xc11dd (size before relaxing)
 .debug_str     0x000c0ed6      0x821 ./Core/Src/gpio.o
                              0xc16ae (size before relaxing)
 .debug_str     0x000c16f7     0x116d ./Core/Src/main.o
                              0xc21cc (size before relaxing)
 .debug_str     0x000c2864      0x305 ./Core/Src/stm32h5xx_hal_msp.o
                              0xc22c9 (size before relaxing)
 .debug_str     0x000c2b69      0x156 ./Core/Src/stm32h5xx_it.o
                              0xc1969 (size before relaxing)
 .debug_str     0x000c2cbf     0x20b0 ./Core/Src/syscalls.o
                               0x98e4 (size before relaxing)
 .debug_str     0x000c4d6f       0x6b ./Core/Src/sysmem.o
                               0x60fc (size before relaxing)
 .debug_str     0x000c4dda      0x1bd ./Core/Src/system_stm32h5xx.o
                              0xc12bd (size before relaxing)
 .debug_str     0x000c4f97       0x78 ./Core/Src/uart.o
                              0xc149c (size before relaxing)
 .debug_str     0x000c500f       0x44 ./Core/Startup/startup_stm32h503rbtx.o
                                 0x8d (size before relaxing)
 .debug_str     0x000c5053      0x833 ./Drivers/STM32H5xx_HAL_Driver/Src/stm32h5xx_hal.o
                              0xc1e30 (size before relaxing)
 .debug_str     0x000c5886      0x3f1 ./Drivers/STM32H5xx_HAL_Driver/Src/stm32h5xx_hal_cortex.o
                              0xc1b9a (size before relaxing)
 .debug_str     0x000c5c77      0x321 ./Drivers/STM32H5xx_HAL_Driver/Src/stm32h5xx_hal_dma.o
                              0xc14f0 (size before relaxing)
 .debug_str     0x000c5f98     0x11cb ./Drivers/STM32H5xx_HAL_Driver/Src/stm32h5xx_hal_fdcan.o
                              0xc259a (size before relaxing)
 .debug_str     0x000c7163      0x260 ./Drivers/STM32H5xx_HAL_Driver/Src/stm32h5xx_hal_gpio.o
                              0xc119b (size before relaxing)
 .debug_str     0x000c73c3      0x37f ./Drivers/STM32H5xx_HAL_Driver/Src/stm32h5xx_hal_rcc.o
                              0xc17fd (size before relaxing)
 .debug_str     0x000c7742      0x5cc ./Drivers/STM32H5xx_HAL_Driver/Src/stm32h5xx_hal_rcc_ex.o
                              0xc1954 (size before relaxing)
 .debug_str     0x000c7d0e      0x929 ./Drivers/STM32H5xx_HAL_Driver/Src/stm32h5xx_hal_uart.o
                              0xc1e80 (size before relaxing)
 .debug_str     0x000c8637      0x26b ./Drivers/STM32H5xx_HAL_Driver/Src/stm32h5xx_hal_uart_ex.o
                              0xc1851 (size before relaxing)

.comment        0x00000000       0x43
 .comment       0x00000000       0x43 ./Core/Src/RCC_clock.o
                                 0x44 (size before relaxing)
 .comment       0x00000043       0x44 ./Core/Src/gpio.o
 .comment       0x00000043       0x44 ./Core/Src/main.o
 .comment       0x00000043       0x44 ./Core/Src/stm32h5xx_hal_msp.o
 .comment       0x00000043       0x44 ./Core/Src/stm32h5xx_it.o
 .comment       0x00000043       0x44 ./Core/Src/syscalls.o
 .comment       0x00000043       0x44 ./Core/Src/sysmem.o
 .comment       0x00000043       0x44 ./Core/Src/system_stm32h5xx.o
 .comment       0x00000043       0x44 ./Core/Src/uart.o
 .comment       0x00000043       0x44 ./Drivers/STM32H5xx_HAL_Driver/Src/stm32h5xx_hal.o
 .comment       0x00000043       0x44 ./Drivers/STM32H5xx_HAL_Driver/Src/stm32h5xx_hal_cortex.o
 .comment       0x00000043       0x44 ./Drivers/STM32H5xx_HAL_Driver/Src/stm32h5xx_hal_dma.o
 .comment       0x00000043       0x44 ./Drivers/STM32H5xx_HAL_Driver/Src/stm32h5xx_hal_fdcan.o
 .comment       0x00000043       0x44 ./Drivers/STM32H5xx_HAL_Driver/Src/stm32h5xx_hal_gpio.o
 .comment       0x00000043       0x44 ./Drivers/STM32H5xx_HAL_Driver/Src/stm32h5xx_hal_rcc.o
 .comment       0x00000043       0x44 ./Drivers/STM32H5xx_HAL_Driver/Src/stm32h5xx_hal_rcc_ex.o
 .comment       0x00000043       0x44 ./Drivers/STM32H5xx_HAL_Driver/Src/stm32h5xx_hal_uart.o
 .comment       0x00000043       0x44 ./Drivers/STM32H5xx_HAL_Driver/Src/stm32h5xx_hal_uart_ex.o

.debug_frame    0x00000000     0x3d7c
 .debug_frame   0x00000000       0x34 ./Core/Src/RCC_clock.o
 .debug_frame   0x00000034       0x34 ./Core/Src/gpio.o
 .debug_frame   0x00000068      0x16c ./Core/Src/main.o
 .debug_frame   0x000001d4       0xc8 ./Core/Src/stm32h5xx_hal_msp.o
 .debug_frame   0x0000029c      0x174 ./Core/Src/stm32h5xx_it.o
 .debug_frame   0x00000410      0x2ac ./Core/Src/syscalls.o
 .debug_frame   0x000006bc       0x34 ./Core/Src/sysmem.o
 .debug_frame   0x000006f0       0x60 ./Core/Src/system_stm32h5xx.o
 .debug_frame   0x00000750       0x2c ./Core/Src/uart.o
 .debug_frame   0x0000077c      0x66c ./Drivers/STM32H5xx_HAL_Driver/Src/stm32h5xx_hal.o
 .debug_frame   0x00000de8      0x560 ./Drivers/STM32H5xx_HAL_Driver/Src/stm32h5xx_hal_cortex.o
 .debug_frame   0x00001348      0x278 ./Drivers/STM32H5xx_HAL_Driver/Src/stm32h5xx_hal_dma.o
 .debug_frame   0x000015c0      0x9b0 ./Drivers/STM32H5xx_HAL_Driver/Src/stm32h5xx_hal_fdcan.o
 .debug_frame   0x00001f70      0x1ec ./Drivers/STM32H5xx_HAL_Driver/Src/stm32h5xx_hal_gpio.o
 .debug_frame   0x0000215c      0x264 ./Drivers/STM32H5xx_HAL_Driver/Src/stm32h5xx_hal_rcc.o
 .debug_frame   0x000023c0      0x3d8 ./Drivers/STM32H5xx_HAL_Driver/Src/stm32h5xx_hal_rcc_ex.o
 .debug_frame   0x00002798      0xa84 ./Drivers/STM32H5xx_HAL_Driver/Src/stm32h5xx_hal_uart.o
 .debug_frame   0x0000321c      0x2c4 ./Drivers/STM32H5xx_HAL_Driver/Src/stm32h5xx_hal_uart_ex.o