15:45:32 **** Incremental Build of configuration Debug for project CAN-FD2 ****
make -j16 all 
arm-none-eabi-gcc "../Core/Src/main.c" -mcpu=cortex-m33 -std=gnu11 -g3 -DDEBUG -DUSE_HAL_DRIVER -DSTM32H503xx -c -I../Core/Inc -I../Drivers/STM32H5xx_HAL_Driver/Inc -I../Drivers/STM32H5xx_HAL_Driver/Inc/Legacy -I../Drivers/CMSIS/Device/ST/STM32H5xx/Include -I../Drivers/CMSIS/Include -O0 -ffunction-sections -fdata-sections -Wall -fstack-usage -fcyclomatic-complexity -MMD -MP -MF"Core/Src/main.d" -MT"Core/Src/main.o" --specs=nano.specs -mfpu=fpv5-sp-d16 -mfloat-abi=hard -mthumb -o "Core/Src/main.o"
arm-none-eabi-gcc -o "CAN-FD2.elf" @"objects.list"   -mcpu=cortex-m33 -T"C:\Users\Admin\Documents\INTERN\STM32\ProjectCAN\CAN-FD\CAN-FD2\STM32H503RBTX_FLASH.ld" --specs=nosys.specs -Wl,-Map="CAN-FD2.map" -Wl,--gc-sections -static --specs=nano.specs -mfpu=fpv5-sp-d16 -mfloat-abi=hard -mthumb -Wl,--start-group -lc -lm -Wl,--end-group
Finished building target: CAN-FD2.elf
 
arm-none-eabi-size  CAN-FD2.elf 
arm-none-eabi-objdump -h -S CAN-FD2.elf  > "CAN-FD2.list"
   text	   data	    bss	    dec	    hex	filename
  14704	     12	   1812	  16528	   4090	CAN-FD2.elf
Finished building: default.size.stdout
 
Finished building: CAN-FD2.list
 

15:45:33 Build Finished. 0 errors, 0 warnings. (took 935ms)

