../Core/Src/main.c:84:5:main	16	static
../Core/Src/main.c:160:6:SystemClock_Config	120	static
../Core/Src/main.c:218:13:MX_FDCAN1_Init	8	static
../Core/Src/main.c:270:13:MX_USART3_UART_Init	8	static
../Core/Src/main.c:318:13:MX_GPIO_Init	40	static
../Core/Src/main.c:354:6:HAL_FDCAN_RxFifo0Callback	16	static
../Core/Src/main.c:374:6:Print_CAN_Error	16	static
../Core/Src/main.c:404:6:TX_Send_CAN	8	static
../Core/Src/main.c:425:6:HAL_GPIO_EXTI_Falling_Callback	16	static
../Core/Src/main.c:435:5:__io_putchar	16	static
../Core/Src/main.c:447:6:Error_Handler	4	static,ignoring_inline_asm
