../Core/Src/main.c:32:5:main	8	static
../Core/Src/main.c:59:13:MX_FDCAN1_Init	8	static
../Core/Src/main.c:104:6:Test_Ack	8	static
../Core/Src/main.c:110:6:TX_Send_CAN	8	static
../Core/Src/main.c:132:6:HAL_GPIO_EXTI_Falling_Callback	16	static
../Core/Src/main.c:153:6:HAL_FDCAN_RxFifo0Callback	16	static
../Core/Src/main.c:174:6:Print_CAN_Error	16	static
../Core/Src/main.c:205:6:Check_CAN_ErrorCnt	16	static
../Core/Src/main.c:215:6:Check_CAN_Protocol_Status	8	static
../Core/Src/main.c:230:5:__io_putchar	16	static
../Core/Src/main.c:249:6:Error_Handler	4	static,ignoring_inline_asm
