11:27:06 **** Incremental Build of configuration Debug for project Ack2 ****
make -j16 all 
arm-none-eabi-gcc "../Core/Src/main.c" -mcpu=cortex-m33 -std=gnu11 -g3 -DDEBUG -DUSE_HAL_DRIVER -DSTM32H503xx -c -I../Core/Inc -I../Drivers/STM32H5xx_HAL_Driver/Inc -I../Drivers/STM32H5xx_HAL_Driver/Inc/Legacy -I../Drivers/CMSIS/Device/ST/STM32H5xx/Include -I../Drivers/CMSIS/Include -O0 -ffunction-sections -fdata-sections -Wall -fstack-usage -fcyclomatic-complexity -MMD -MP -MF"Core/Src/main.d" -MT"Core/Src/main.o" --specs=nano.specs -mfpu=fpv5-sp-d16 -mfloat-abi=hard -mthumb -o "Core/Src/main.o"
arm-none-eabi-gcc -o "Ack2.elf" @"objects.list"   -mcpu=cortex-m33 -T"C:\Users\Admin\Documents\INTERN\STM32\ProjectCAN\Acknowledge\Ack2\STM32H503RBTX_FLASH.ld" --specs=nosys.specs -Wl,-Map="Ack2.map" -Wl,--gc-sections -static --specs=nano.specs -mfpu=fpv5-sp-d16 -mfloat-abi=hard -mthumb -Wl,--start-group -lc -lm -Wl,--end-group
Finished building target: Ack2.elf
 
arm-none-eabi-size  Ack2.elf 
arm-none-eabi-objdump -h -S Ack2.elf  > "Ack2.list"
   text	   data	    bss	    dec	    hex	filename
  30696	    104	   2240	  33040	   8110	Ack2.elf
Finished building: default.size.stdout
 
Finished building: Ack2.list
 

11:27:07 Build Finished. 0 errors, 0 warnings. (took 1s.322ms)

