../Core/Src/main.c:80:5:main	8	static
../Core/Src/main.c:126:6:SystemClock_Config	120	static
../Core/Src/main.c:184:13:MX_FDCAN1_Init	8	static
../Core/Src/main.c:236:13:MX_USART3_UART_Init	8	static
../Core/Src/main.c:284:13:MX_GPIO_Init	40	static
../Core/Src/main.c:320:6:HAL_FDCAN_RxFifo0Callback	16	static
../Core/Src/main.c:340:6:Print_CAN_Error	16	static
../Core/Src/main.c:371:6:HAL_GPIO_EXTI_Falling_Callback	16	static
../Core/Src/main.c:377:5:__io_putchar	16	static
../Core/Src/main.c:389:6:Error_Handler	4	static,ignoring_inline_asm
