../Core/Src/main.c:116:5:main	16	static
../Core/Src/main.c:194:6:SystemClock_Config	120	static
../Core/Src/main.c:251:13:MX_FDCAN1_Init	8	static
../Core/Src/main.c:303:13:MX_USART3_UART_Init	8	static
../Core/Src/main.c:351:13:MX_GPIO_Init	48	static
../Core/Src/main.c:435:6:HAL_GPIO_EXTI_Falling_Callback	16	static
../Core/Src/main.c:516:6:BCD_Display	16	static
../Core/Src/main.c:526:6:Pri_ID	4	static
../Core/Src/main.c:534:6:Pass_Arb	8	static
../Core/Src/main.c:554:6:Std_Ext	4	static
../Core/Src/main.c:571:6:Data_Remote	8	static
../Core/Src/main.c:587:6:TX_Send_CAN	8	static
../Core/Src/main.c:603:6:Close_led	8	static
../Core/Src/main.c:608:6:Turn_LED	16	static
../Core/Src/main.c:618:6:Change_ID	8	static
../Core/Src/main.c:630:6:Check_flag	4	static
../Core/Src/main.c:639:6:HAL_FDCAN_RxFifo0Callback	16	static
../Core/Src/main.c:664:6:Error_Handler	4	static,ignoring_inline_asm
