09:26:33 **** Incremental Build of configuration Debug for project Extend_NodeB ****
make -j16 all 
arm-none-eabi-gcc "../Core/Src/main.c" -mcpu=cortex-m33 -std=gnu11 -g3 -DDEBUG -DUSE_HAL_DRIVER -DSTM32H503xx -c -I../Core/Inc -I../Drivers/STM32H5xx_HAL_Driver/Inc -I../Drivers/STM32H5xx_HAL_Driver/Inc/Legacy -I../Drivers/CMSIS/Device/ST/STM32H5xx/Include -I../Drivers/CMSIS/Include -O0 -ffunction-sections -fdata-sections -Wall -fstack-usage -fcyclomatic-complexity -MMD -MP -MF"Core/Src/main.d" -MT"Core/Src/main.o" --specs=nano.specs -mfpu=fpv5-sp-d16 -mfloat-abi=hard -mthumb -o "Core/Src/main.o"
arm-none-eabi-gcc -o "Extend_NodeB.elf" @"objects.list"   -mcpu=cortex-m33 -T"C:\Users\Admin\Documents\INTERN\STM32\ProjectCAN\Arbitation\Extend_NodeB\STM32H503RBTX_FLASH.ld" --specs=nosys.specs -Wl,-Map="Extend_NodeB.map" -Wl,--gc-sections -static --specs=nano.specs -mfpu=fpv5-sp-d16 -mfloat-abi=hard -mthumb -Wl,--start-group -lc -lm -Wl,--end-group
Finished building target: Extend_NodeB.elf
 
arm-none-eabi-size  Extend_NodeB.elf 
arm-none-eabi-objdump -h -S Extend_NodeB.elf  > "Extend_NodeB.list"
   text	   data	    bss	    dec	    hex	filename
  26096	     24	   1904	  28024	   6d78	Extend_NodeB.elf
Finished building: default.size.stdout
 
Finished building: Extend_NodeB.list
 

09:26:34 Build Finished. 0 errors, 0 warnings. (took 774ms)

