13:48:49 **** Incremental Build of configuration Debug for project Std_Tx_NodeA_Distance ****
make -j16 all 
arm-none-eabi-gcc "../Core/Src/main.c" -mcpu=cortex-m33 -std=gnu11 -g3 -DDEBUG -DUSE_HAL_DRIVER -DSTM32H503xx -c -I../Core/Inc -I../Drivers/STM32H5xx_HAL_Driver/Inc -I../Drivers/STM32H5xx_HAL_Driver/Inc/Legacy -I../Drivers/CMSIS/Device/ST/STM32H5xx/Include -I../Drivers/CMSIS/Include -O0 -ffunction-sections -fdata-sections -Wall -fstack-usage -fcyclomatic-complexity -MMD -MP -MF"Core/Src/main.d" -MT"Core/Src/main.o" --specs=nano.specs -mfpu=fpv5-sp-d16 -mfloat-abi=hard -mthumb -o "Core/Src/main.o"
arm-none-eabi-gcc -o "Std_Tx_NodeA_Distance.elf" @"objects.list"   -mcpu=cortex-m33 -T"C:\Users\Admin\Documents\INTERN\STM32\ProjectCAN\Arbitation\Std_Tx_NodeA_Distance\STM32H503RBTX_FLASH.ld" --specs=nosys.specs -Wl,-Map="Std_Tx_NodeA_Distance.map" -Wl,--gc-sections -static --specs=nano.specs -mfpu=fpv5-sp-d16 -mfloat-abi=hard -mthumb -Wl,--start-group -lc -lm -Wl,--end-group
Finished building target: Std_Tx_NodeA_Distance.elf
 
arm-none-eabi-size  Std_Tx_NodeA_Distance.elf 
arm-none-eabi-objdump -h -S Std_Tx_NodeA_Distance.elf  > "Std_Tx_NodeA_Distance.list"
   text	   data	    bss	    dec	    hex	filename
  26024	     12	   1900	  27936	   6d20	Std_Tx_NodeA_Distance.elf
Finished building: default.size.stdout
 
Finished building: Std_Tx_NodeA_Distance.list
 
13:49:07 **** Incremental Build of configuration Debug for project Std_Tx_NodeA_Distance ****
make -j16 all 
arm-none-eabi-size  Std_Tx_NodeA_Distance.elf 
   text	   data	    bss	    dec	    hex	filename
  26024	     12	   1900	  27936	   6d20	Std_Tx_NodeA_Distance.elf
Finished building: default.size.stdout
 
13:50:24 **** Incremental Build of configuration Debug for project Std_Rx_NodeB_Distance ****
make -j16 all 
arm-none-eabi-size  Std_Rx_NodeB_Distance.elf 
   text	   data	    bss	    dec	    hex	filename
  28884	    104	   2240	  31228	   79fc	Std_Rx_NodeB_Distance.elf
Finished building: default.size.stdout
 
13:51:15 **** Incremental Build of configuration Debug for project Std_Tx_NodeC_Distance ****
make -j16 all 
arm-none-eabi-size  Std_Tx_NodeC_Distance.elf 
   text	   data	    bss	    dec	    hex	filename
  26020	     12	   1900	  27932	   6d1c	Std_Tx_NodeC_Distance.elf
Finished building: default.size.stdout
 
14:21:16 **** Incremental Build of configuration Debug for project Std_Rx_NodeB_Distance ****
make -j16 all 
arm-none-eabi-gcc "../Core/Src/main.c" -mcpu=cortex-m33 -std=gnu11 -g3 -DDEBUG -DUSE_HAL_DRIVER -DSTM32H503xx -c -I../Core/Inc -I../Drivers/STM32H5xx_HAL_Driver/Inc -I../Drivers/STM32H5xx_HAL_Driver/Inc/Legacy -I../Drivers/CMSIS/Device/ST/STM32H5xx/Include -I../Drivers/CMSIS/Include -O0 -ffunction-sections -fdata-sections -Wall -fstack-usage -fcyclomatic-complexity -MMD -MP -MF"Core/Src/main.d" -MT"Core/Src/main.o" --specs=nano.specs -mfpu=fpv5-sp-d16 -mfloat-abi=hard -mthumb -o "Core/Src/main.o"
arm-none-eabi-gcc -o "Std_Rx_NodeB_Distance.elf" @"objects.list"   -mcpu=cortex-m33 -T"C:\Users\Admin\Documents\INTERN\STM32\ProjectCAN\Arbitation\Std_Rx_NodeB_Distance\STM32H503RBTX_FLASH.ld" --specs=nosys.specs -Wl,-Map="Std_Rx_NodeB_Distance.map" -Wl,--gc-sections -static --specs=nano.specs -mfpu=fpv5-sp-d16 -mfloat-abi=hard -mthumb -Wl,--start-group -lc -lm -Wl,--end-group
Finished building target: Std_Rx_NodeB_Distance.elf
 
arm-none-eabi-size  Std_Rx_NodeB_Distance.elf 
arm-none-eabi-objdump -h -S Std_Rx_NodeB_Distance.elf  > "Std_Rx_NodeB_Distance.list"
   text	   data	    bss	    dec	    hex	filename
  28912	    104	   2240	  31256	   7a18	Std_Rx_NodeB_Distance.elf
Finished building: default.size.stdout
 
Finished building: Std_Rx_NodeB_Distance.list
 
14:23:59 **** Incremental Build of configuration Debug for project Std_Rx_NodeB_Distance ****
make -j16 all 
arm-none-eabi-gcc "../Core/Src/main.c" -mcpu=cortex-m33 -std=gnu11 -g3 -DDEBUG -DUSE_HAL_DRIVER -DSTM32H503xx -c -I../Core/Inc -I../Drivers/STM32H5xx_HAL_Driver/Inc -I../Drivers/STM32H5xx_HAL_Driver/Inc/Legacy -I../Drivers/CMSIS/Device/ST/STM32H5xx/Include -I../Drivers/CMSIS/Include -O0 -ffunction-sections -fdata-sections -Wall -fstack-usage -fcyclomatic-complexity -MMD -MP -MF"Core/Src/main.d" -MT"Core/Src/main.o" --specs=nano.specs -mfpu=fpv5-sp-d16 -mfloat-abi=hard -mthumb -o "Core/Src/main.o"
arm-none-eabi-gcc -o "Std_Rx_NodeB_Distance.elf" @"objects.list"   -mcpu=cortex-m33 -T"C:\Users\Admin\Documents\INTERN\STM32\ProjectCAN\Arbitation\Std_Rx_NodeB_Distance\STM32H503RBTX_FLASH.ld" --specs=nosys.specs -Wl,-Map="Std_Rx_NodeB_Distance.map" -Wl,--gc-sections -static --specs=nano.specs -mfpu=fpv5-sp-d16 -mfloat-abi=hard -mthumb -Wl,--start-group -lc -lm -Wl,--end-group
Finished building target: Std_Rx_NodeB_Distance.elf
 
arm-none-eabi-size  Std_Rx_NodeB_Distance.elf 
arm-none-eabi-objdump -h -S Std_Rx_NodeB_Distance.elf  > "Std_Rx_NodeB_Distance.list"
   text	   data	    bss	    dec	    hex	filename
  28944	    104	   2240	  31288	   7a38	Std_Rx_NodeB_Distance.elf
Finished building: default.size.stdout
 
Finished building: Std_Rx_NodeB_Distance.list
 
14:25:13 **** Incremental Build of configuration Debug for project Std_Tx_NodeA_Distance ****
make -j16 all 
arm-none-eabi-gcc "../Core/Src/main.c" -mcpu=cortex-m33 -std=gnu11 -g3 -DDEBUG -DUSE_HAL_DRIVER -DSTM32H503xx -c -I../Core/Inc -I../Drivers/STM32H5xx_HAL_Driver/Inc -I../Drivers/STM32H5xx_HAL_Driver/Inc/Legacy -I../Drivers/CMSIS/Device/ST/STM32H5xx/Include -I../Drivers/CMSIS/Include -O0 -ffunction-sections -fdata-sections -Wall -fstack-usage -fcyclomatic-complexity -MMD -MP -MF"Core/Src/main.d" -MT"Core/Src/main.o" --specs=nano.specs -mfpu=fpv5-sp-d16 -mfloat-abi=hard -mthumb -o "Core/Src/main.o"
arm-none-eabi-gcc -o "Std_Tx_NodeA_Distance.elf" @"objects.list"   -mcpu=cortex-m33 -T"C:\Users\Admin\Documents\INTERN\STM32\ProjectCAN\Arbitation\Std_Tx_NodeA_Distance\STM32H503RBTX_FLASH.ld" --specs=nosys.specs -Wl,-Map="Std_Tx_NodeA_Distance.map" -Wl,--gc-sections -static --specs=nano.specs -mfpu=fpv5-sp-d16 -mfloat-abi=hard -mthumb -Wl,--start-group -lc -lm -Wl,--end-group
Finished building target: Std_Tx_NodeA_Distance.elf
 
arm-none-eabi-size  Std_Tx_NodeA_Distance.elf 
arm-none-eabi-objdump -h -S Std_Tx_NodeA_Distance.elf  > "Std_Tx_NodeA_Distance.list"
   text	   data	    bss	    dec	    hex	filename
  26012	     12	   1900	  27924	   6d14	Std_Tx_NodeA_Distance.elf
Finished building: default.size.stdout
 
Finished building: Std_Tx_NodeA_Distance.list
 
14:26:05 **** Incremental Build of configuration Debug for project Std_Tx_NodeC_Distance ****
make -j16 all 
arm-none-eabi-gcc "../Core/Src/main.c" -mcpu=cortex-m33 -std=gnu11 -g3 -DDEBUG -DUSE_HAL_DRIVER -DSTM32H503xx -c -I../Core/Inc -I../Drivers/STM32H5xx_HAL_Driver/Inc -I../Drivers/STM32H5xx_HAL_Driver/Inc/Legacy -I../Drivers/CMSIS/Device/ST/STM32H5xx/Include -I../Drivers/CMSIS/Include -O0 -ffunction-sections -fdata-sections -Wall -fstack-usage -fcyclomatic-complexity -MMD -MP -MF"Core/Src/main.d" -MT"Core/Src/main.o" --specs=nano.specs -mfpu=fpv5-sp-d16 -mfloat-abi=hard -mthumb -o "Core/Src/main.o"
arm-none-eabi-gcc -o "Std_Tx_NodeC_Distance.elf" @"objects.list"   -mcpu=cortex-m33 -T"C:\Users\Admin\Documents\INTERN\STM32\ProjectCAN\Arbitation\Std_Tx_NodeC_Distance\STM32H503RBTX_FLASH.ld" --specs=nosys.specs -Wl,-Map="Std_Tx_NodeC_Distance.map" -Wl,--gc-sections -static --specs=nano.specs -mfpu=fpv5-sp-d16 -mfloat-abi=hard -mthumb -Wl,--start-group -lc -lm -Wl,--end-group
Finished building target: Std_Tx_NodeC_Distance.elf
 
arm-none-eabi-size  Std_Tx_NodeC_Distance.elf 
arm-none-eabi-objdump -h -S Std_Tx_NodeC_Distance.elf  > "Std_Tx_NodeC_Distance.list"
   text	   data	    bss	    dec	    hex	filename
  26012	     12	   1900	  27924	   6d14	Std_Tx_NodeC_Distance.elf
Finished building: default.size.stdout
 
Finished building: Std_Tx_NodeC_Distance.list
 
14:36:56 **** Incremental Build of configuration Debug for project Std_Rx_NodeB_Distance ****
make -j16 all 
arm-none-eabi-gcc "../Core/Src/main.c" -mcpu=cortex-m33 -std=gnu11 -g3 -DDEBUG -DUSE_HAL_DRIVER -DSTM32H503xx -c -I../Core/Inc -I../Drivers/STM32H5xx_HAL_Driver/Inc -I../Drivers/STM32H5xx_HAL_Driver/Inc/Legacy -I../Drivers/CMSIS/Device/ST/STM32H5xx/Include -I../Drivers/CMSIS/Include -O0 -ffunction-sections -fdata-sections -Wall -fstack-usage -fcyclomatic-complexity -MMD -MP -MF"Core/Src/main.d" -MT"Core/Src/main.o" --specs=nano.specs -mfpu=fpv5-sp-d16 -mfloat-abi=hard -mthumb -o "Core/Src/main.o"
arm-none-eabi-gcc -o "Std_Rx_NodeB_Distance.elf" @"objects.list"   -mcpu=cortex-m33 -T"C:\Users\Admin\Documents\INTERN\STM32\ProjectCAN\Arbitation\Std_Rx_NodeB_Distance\STM32H503RBTX_FLASH.ld" --specs=nosys.specs -Wl,-Map="Std_Rx_NodeB_Distance.map" -Wl,--gc-sections -static --specs=nano.specs -mfpu=fpv5-sp-d16 -mfloat-abi=hard -mthumb -Wl,--start-group -lc -lm -Wl,--end-group
Finished building target: Std_Rx_NodeB_Distance.elf
 
arm-none-eabi-size  Std_Rx_NodeB_Distance.elf 
arm-none-eabi-objdump -h -S Std_Rx_NodeB_Distance.elf  > "Std_Rx_NodeB_Distance.list"
   text	   data	    bss	    dec	    hex	filename
  28676	    104	   2240	  31020	   792c	Std_Rx_NodeB_Distance.elf
Finished building: default.size.stdout
 
Finished building: Std_Rx_NodeB_Distance.list
 
