14:36:56 **** Incremental Build of configuration Debug for project Std_Rx_NodeB_Distance ****
make -j16 all 
arm-none-eabi-gcc "../Core/Src/main.c" -mcpu=cortex-m33 -std=gnu11 -g3 -DDEBUG -DUSE_HAL_DRIVER -DSTM32H503xx -c -I../Core/Inc -I../Drivers/STM32H5xx_HAL_Driver/Inc -I../Drivers/STM32H5xx_HAL_Driver/Inc/Legacy -I../Drivers/CMSIS/Device/ST/STM32H5xx/Include -I../Drivers/CMSIS/Include -O0 -ffunction-sections -fdata-sections -Wall -fstack-usage -fcyclomatic-complexity -MMD -MP -MF"Core/Src/main.d" -MT"Core/Src/main.o" --specs=nano.specs -mfpu=fpv5-sp-d16 -mfloat-abi=hard -mthumb -o "Core/Src/main.o"
arm-none-eabi-gcc -o "Std_Rx_NodeB_Distance.elf" @"objects.list"   -mcpu=cortex-m33 -T"C:\Users\Admin\Documents\INTERN\STM32\ProjectCAN\Arbitation\Std_Rx_NodeB_Distance\STM32H503RBTX_FLASH.ld" --specs=nosys.specs -Wl,-Map="Std_Rx_NodeB_Distance.map" -Wl,--gc-sections -static --specs=nano.specs -mfpu=fpv5-sp-d16 -mfloat-abi=hard -mthumb -Wl,--start-group -lc -lm -Wl,--end-group
Finished building target: Std_Rx_NodeB_Distance.elf
 
arm-none-eabi-size  Std_Rx_NodeB_Distance.elf 
arm-none-eabi-objdump -h -S Std_Rx_NodeB_Distance.elf  > "Std_Rx_NodeB_Distance.list"
   text	   data	    bss	    dec	    hex	filename
  28676	    104	   2240	  31020	   792c	Std_Rx_NodeB_Distance.elf
Finished building: default.size.stdout
 
Finished building: Std_Rx_NodeB_Distance.list
 

14:36:57 Build Finished. 0 errors, 0 warnings. (took 851ms)

