11:40:12 **** Incremental Build of configuration Debug for project trigtim ****
make -j16 all 
arm-none-eabi-gcc "../Core/Src/main.c" -mcpu=cortex-m33 -std=gnu11 -g3 -DDEBUG -DUSE_HAL_DRIVER -DSTM32H503xx -c -I../Core/Inc -I../Drivers/STM32H5xx_HAL_Driver/Inc -I../Drivers/STM32H5xx_HAL_Driver/Inc/Legacy -I../Drivers/CMSIS/Device/ST/STM32H5xx/Include -I../Drivers/CMSIS/Include -O0 -ffunction-sections -fdata-sections -Wall -fstack-usage -fcyclomatic-complexity -MMD -MP -MF"Core/Src/main.d" -MT"Core/Src/main.o" --specs=nano.specs -mfpu=fpv5-sp-d16 -mfloat-abi=hard -mthumb -o "Core/Src/main.o"
arm-none-eabi-gcc -o "trigtim.elf" @"objects.list"   -mcpu=cortex-m33 -T"C:\Users\Admin\Documents\INTERN\STM32\ProjectCAN\Arbitation\trigtim\STM32H503RBTX_FLASH.ld" --specs=nosys.specs -Wl,-Map="trigtim.map" -Wl,--gc-sections -static --specs=nano.specs -mfpu=fpv5-sp-d16 -mfloat-abi=hard -mthumb -Wl,--start-group -lc -lm -Wl,--end-group
Finished building target: trigtim.elf
 
arm-none-eabi-size  trigtim.elf 
arm-none-eabi-objdump -h -S trigtim.elf  > "trigtim.list"
   text	   data	    bss	    dec	    hex	filename
  16928	     12	   1836	  18776	   4958	trigtim.elf
Finished building: default.size.stdout
 
Finished building: trigtim.list
 

11:40:13 Build Finished. 0 errors, 0 warnings. (took 709ms)

